<html>
<body>
<pre>
<h1>µVision Build Log</h1>
<h2>Tool Versions:</h2>
IDE-Version: µVision V5.29.0.0
Copyright (C) 2019 ARM Ltd and ARM Germany GmbH. All rights reserved.
License Information: Matthew Beyer, UW-Madison, LIC=----
 
Tool Versions:
Toolchain:       MDK-Lite  Version: 5.29.0.0
Toolchain Path:  C:\Keil_v5\ARM\ARMCC\Bin
C Compiler:      Armcc.exe V5.06 update 6 (build 750)
Assembler:       Armasm.exe V5.06 update 6 (build 750)
Linker/Locator:  ArmLink.exe V5.06 update 6 (build 750)
Library Manager: ArmAr.exe V5.06 update 6 (build 750)
Hex Converter:   FromElf.exe V5.06 update 6 (build 750)
CPU DLL:         SARMCM3.DLL V5.29.0.0
Dialog DLL:      DCM.DLL V1.17.3.0
Target DLL:      lmidk-agdi.dll V???
Dialog DLL:      TCM.DLL V1.36.5.0
 
<h2>Project:</h2>
C:\Users\Matthew\Desktop\ECE 353\Project\ECE-353-Final-Project\FinalProject.uvprojx
Project File Date:  05/02/2020

<h2>Output:</h2>
*** Using Compiler 'V5.06 update 6 (build 750)', folder: 'C:\Keil_v5\ARM\ARMCC\Bin'
Build target 'HW3'
compiling interrupts.c...
..\drivers\include\timers.h(37): warning:  #1295-D: Deprecated declaration config_timer1 - give arg types
  void config_timer1();
interrupts.c(8): warning:  #188-D: enumerated type mixed with another type
  volatile PS2_DIR_t check = NULL;
interrupts.c(27): warning:  #1035-D: single-precision operand implicitly converted to double-precision
  	if(conversion_x > 2.4){
interrupts.c(30): warning:  #1035-D: single-precision operand implicitly converted to double-precision
  	} else if (conversion_x < 0.85){
interrupts.c(33): warning:  #1035-D: single-precision operand implicitly converted to double-precision
  	} else if (conversion_y > 2.4){
interrupts.c(36): warning:  #1035-D: single-precision operand implicitly converted to double-precision
  	} else if (conversion_y < 0.85){
interrupts.c(39): warning:  #1035-D: single-precision operand implicitly converted to double-precision
  	} else if (conversion_x > 0.85 && conversion_x < 2.40){
interrupts.c(39): warning:  #1035-D: single-precision operand implicitly converted to double-precision
  	} else if (conversion_x > 0.85 && conversion_x < 2.40){
interrupts.c: 8 warnings, 0 errors
linking...
Program Size: Code=17772 RO-data=1308 RW-data=56 ZI-data=696  
".\obj\ece353_base_project.axf" - 0 Error(s), 8 Warning(s).

<h2>Software Packages used:</h2>

Package Vendor: ARM
                http://www.keil.com/pack/ARM.CMSIS.5.7.0.pack
                ARM.CMSIS.5.7.0
                CMSIS (Cortex Microcontroller Software Interface Standard)
   * Component: CORE Version: 5.4.0

Package Vendor: Keil
                http://www.keil.com/pack/Keil.TM4C_DFP.1.1.0.pack
                Keil.TM4C_DFP.1.1.0
                Texas Instruments Tiva C Series Device Support and Examples
   * Component: Startup Version: 1.0.1

<h2>Collection of Component include folders:</h2>
  .\RTE\_HW3
  C:\Users\Matthew\AppData\Local\Arm\Packs\ARM\CMSIS\5.7.0\CMSIS\Core\Include
  C:\Users\Matthew\AppData\Local\Arm\Packs\Keil\TM4C_DFP\1.1.0\Device\Include\TM4C123

<h2>Collection of Component Files used:</h2>

   * Component: ARM::CMSIS:CORE:5.4.0

   * Component: Keil::Device:Startup:1.0.1
      Source file:   Device\Source\ARM\startup_TM4C123.s
      Source file:   Device\Source\system_TM4C123.c
      Include file:  Device\Include\TM4C123\TM4C123.h
Build Time Elapsed:  00:00:00
</pre>
</body>
</html>
