Component: ARM Compiler 5.06 update 6 (build 750) Tool: armlink [4d35ed]

==============================================================================

Section Cross References

    main.o(.text) refers to ps2.o(.text) for ps2_get_x
    main.o(.text) refers to memcpya.o(.text) for __aeabi_memcpy4
    main.o(.text) refers to lcd.o(.text) for lcd_draw_box
    main.o(.text) refers to serial_debug.o(.text) for init_serial_debug
    main.o(.text) refers to print.o(.text) for put_string
    main.o(.text) refers to main.o(.data) for SPEED
    main.o(.text) refers to images.o(.constdata) for upTankWidth
    main.o(.text) refers to main.o(.bss) for barriers
    main.o(.text) refers to main.o(.constdata) for .constdata
    print.o(.text) refers to serial_debug.o(.text) for fputc
    print.o(.text) refers to stdout.o(.data) for __stdout
    pc_buffer.o(.text) refers to malloc.o(i.malloc) for malloc
    lcd.o(.text) refers to gpio_port.o(.text) for gpio_enable_port
    serial_debug.o(.text) refers to pc_buffer.o(.text) for pc_buffer_empty
    serial_debug.o(.text) refers to main.o(.text) for DisableInterrupts
    serial_debug.o(.text) refers to uart.o(.text) for uart_tx_poll
    serial_debug.o(.text) refers to gpio_port.o(.text) for gpio_enable_port
    serial_debug.o(.text) refers to serial_debug.o(.data) for Tx_Interrupts_Enabled
    serial_debug.o(.text) refers to serial_debug.o(.bss) for UART0_Tx_Buffer
    serial_debug.o(.text) refers to stdout.o(.data) for __stdout
    ps2.o(.text) refers to gpio_port.o(.text) for gpio_enable_port
    ps2.o(.text) refers to adc.o(.text) for initialize_adc
    startup_tm4c123.o(RESET) refers to startup_tm4c123.o(STACK) for __initial_sp
    startup_tm4c123.o(RESET) refers to startup_tm4c123.o(.text) for Reset_Handler
    startup_tm4c123.o(RESET) refers to serial_debug.o(.text) for UART0_Handler
    startup_tm4c123.o(.text) refers to system_tm4c123.o(.text) for SystemInit
    startup_tm4c123.o(.text) refers to entry.o(.ARM.Collect$$$$00000000) for __main
    system_tm4c123.o(.text) refers to system_tm4c123.o(.data) for SystemCoreClock
    entry.o(.ARM.Collect$$$$00000000) refers (Special) to entry10a.o(.ARM.Collect$$$$0000000D) for __rt_final_cpp
    entry.o(.ARM.Collect$$$$00000000) refers (Special) to entry11a.o(.ARM.Collect$$$$0000000F) for __rt_final_exit
    entry.o(.ARM.Collect$$$$00000000) refers (Special) to entry7b.o(.ARM.Collect$$$$00000008) for _main_clock
    entry.o(.ARM.Collect$$$$00000000) refers (Special) to entry8b.o(.ARM.Collect$$$$0000000A) for _main_cpp_init
    entry.o(.ARM.Collect$$$$00000000) refers (Special) to entry9a.o(.ARM.Collect$$$$0000000B) for _main_init
    entry.o(.ARM.Collect$$$$00000000) refers (Special) to entry5.o(.ARM.Collect$$$$00000004) for _main_scatterload
    entry.o(.ARM.Collect$$$$00000000) refers (Special) to entry2.o(.ARM.Collect$$$$00000001) for _main_stk
    malloc.o(i.free) refers to mvars.o(.data) for __microlib_freelist
    malloc.o(i.malloc) refers to mvars.o(.data) for __microlib_freelist_initialised
    malloc.o(i.malloc) refers to mvars.o(.data) for __microlib_freelist
    malloc.o(i.malloc) refers to startup_tm4c123.o(HEAP) for __heap_base
    mallocr.o(i.__free$realloc) refers to mvars.o(.data) for __microlib_freelist
    mallocr.o(i.__malloc$realloc) refers to mallocr.o(i.internal_alloc) for internal_alloc
    mallocr.o(i.__malloc$realloc) refers to mvars.o(.data) for __microlib_freelist_initialised
    mallocr.o(i.__malloc$realloc) refers to startup_tm4c123.o(HEAP) for __heap_base
    mallocr.o(i.__malloc$realloc) refers to mvars.o(.data) for __microlib_freelist
    mallocr.o(i.internal_alloc) refers to memcpya.o(.text) for __aeabi_memcpy
    mallocr.o(i.internal_alloc) refers to mvars.o(.data) for __microlib_freelist
    mallocr.o(i.realloc) refers to mallocr.o(i.__free$realloc) for __free$realloc
    mallocr.o(i.realloc) refers to mallocr.o(i.internal_alloc) for internal_alloc
    mallocr.o(i.realloc) refers to mallocr.o(i.__malloc$realloc) for __malloc$realloc
    mallocr.o(i.realloc) refers to mvars.o(.data) for __microlib_freelist
    malloca.o(i.__aligned_malloc) refers to mvars.o(.data) for __microlib_freelist_initialised
    malloca.o(i.__aligned_malloc) refers to mvars.o(.data) for __microlib_freelist
    malloca.o(i.__aligned_malloc) refers to startup_tm4c123.o(HEAP) for __heap_base
    malloca.o(i.__free$memalign) refers to mvars.o(.data) for __microlib_freelist
    malloca.o(i.__malloc$memalign) refers to malloca.o(i.__aligned_malloc) for __aligned_malloc
    mallocra.o(i.__aligned_malloc$realloc) refers to mallocra.o(i.internal_alloc) for internal_alloc
    mallocra.o(i.__aligned_malloc$realloc) refers to mvars.o(.data) for __microlib_freelist_initialised
    mallocra.o(i.__aligned_malloc$realloc) refers to startup_tm4c123.o(HEAP) for __heap_base
    mallocra.o(i.__aligned_malloc$realloc) refers to mvars.o(.data) for __microlib_freelist
    mallocra.o(i.__free$realloc$memalign) refers to mvars.o(.data) for __microlib_freelist
    mallocra.o(i.__malloc$realloc$memalign) refers to mallocra.o(i.__aligned_malloc$realloc) for __aligned_malloc$realloc
    mallocra.o(i.__realloc$memalign) refers to mallocra.o(i.__free$realloc$memalign) for __free$realloc$memalign
    mallocra.o(i.__realloc$memalign) refers to mallocra.o(i.internal_alloc) for internal_alloc
    mallocra.o(i.__realloc$memalign) refers to mallocra.o(i.__malloc$realloc$memalign) for __malloc$realloc$memalign
    mallocra.o(i.__realloc$memalign) refers to mvars.o(.data) for __microlib_freelist
    mallocra.o(i.internal_alloc) refers to memcpya.o(.text) for __aeabi_memcpy
    mallocra.o(i.internal_alloc) refers to mvars.o(.data) for __microlib_freelist
    entry2.o(.ARM.Collect$$$$00000001) refers to entry2.o(.ARM.Collect$$$$00002712) for __lit__00000000
    entry2.o(.ARM.Collect$$$$00002712) refers to startup_tm4c123.o(STACK) for __initial_sp
    entry2.o(__vectab_stack_and_reset_area) refers to startup_tm4c123.o(STACK) for __initial_sp
    entry2.o(__vectab_stack_and_reset_area) refers to entry.o(.ARM.Collect$$$$00000000) for __main
    entry5.o(.ARM.Collect$$$$00000004) refers to init.o(.text) for __scatterload
    entry9a.o(.ARM.Collect$$$$0000000B) refers to main.o(.text) for main
    entry9b.o(.ARM.Collect$$$$0000000C) refers to main.o(.text) for main
    init.o(.text) refers to entry5.o(.ARM.Collect$$$$00000004) for __main_after_scatterload


==============================================================================

Removing Unused input sections from the image.

    Removing main.o(.rev16_text), (4 bytes).
    Removing main.o(.revsh_text), (4 bytes).
    Removing main.o(.rrx_text), (6 bytes).
    Removing print.o(.rev16_text), (4 bytes).
    Removing print.o(.revsh_text), (4 bytes).
    Removing print.o(.rrx_text), (6 bytes).
    Removing gpio_port.o(.rev16_text), (4 bytes).
    Removing gpio_port.o(.revsh_text), (4 bytes).
    Removing gpio_port.o(.rrx_text), (6 bytes).
    Removing timers.o(.rev16_text), (4 bytes).
    Removing timers.o(.revsh_text), (4 bytes).
    Removing timers.o(.rrx_text), (6 bytes).
    Removing timers.o(.text), (584 bytes).
    Removing adc.o(.rev16_text), (4 bytes).
    Removing adc.o(.revsh_text), (4 bytes).
    Removing adc.o(.rrx_text), (6 bytes).
    Removing uart.o(.rev16_text), (4 bytes).
    Removing uart.o(.revsh_text), (4 bytes).
    Removing uart.o(.rrx_text), (6 bytes).
    Removing lcd.o(.rev16_text), (4 bytes).
    Removing lcd.o(.revsh_text), (4 bytes).
    Removing lcd.o(.rrx_text), (6 bytes).
    Removing serial_debug.o(.rev16_text), (4 bytes).
    Removing serial_debug.o(.revsh_text), (4 bytes).
    Removing serial_debug.o(.rrx_text), (6 bytes).
    Removing ps2.o(.rev16_text), (4 bytes).
    Removing ps2.o(.revsh_text), (4 bytes).
    Removing ps2.o(.rrx_text), (6 bytes).
    Removing system_tm4c123.o(.rev16_text), (4 bytes).
    Removing system_tm4c123.o(.revsh_text), (4 bytes).
    Removing system_tm4c123.o(.rrx_text), (6 bytes).

31 unused section(s) (total 724 bytes) removed from the image.

==============================================================================

Image Symbol Table

    Local Symbols

    Symbol Name                              Value     Ov Type        Size  Object(Section)

    RESET                                    0x00000000   Section      620  startup_tm4c123.o(RESET)
    ../clib/microlib/init/entry.s            0x00000000   Number         0  entry7b.o ABSOLUTE
    ../clib/microlib/init/entry.s            0x00000000   Number         0  entry11b.o ABSOLUTE
    ../clib/microlib/init/entry.s            0x00000000   Number         0  entry8b.o ABSOLUTE
    ../clib/microlib/init/entry.s            0x00000000   Number         0  entry8a.o ABSOLUTE
    ../clib/microlib/init/entry.s            0x00000000   Number         0  entry11a.o ABSOLUTE
    ../clib/microlib/init/entry.s            0x00000000   Number         0  entry9b.o ABSOLUTE
    ../clib/microlib/init/entry.s            0x00000000   Number         0  entry9a.o ABSOLUTE
    ../clib/microlib/init/entry.s            0x00000000   Number         0  entry10a.o ABSOLUTE
    ../clib/microlib/init/entry.s            0x00000000   Number         0  entry.o ABSOLUTE
    ../clib/microlib/init/entry.s            0x00000000   Number         0  entry7a.o ABSOLUTE
    ../clib/microlib/init/entry.s            0x00000000   Number         0  entry10b.o ABSOLUTE
    ../clib/microlib/init/entry.s            0x00000000   Number         0  entry5.o ABSOLUTE
    ../clib/microlib/init/entry.s            0x00000000   Number         0  entry2.o ABSOLUTE
    ../clib/microlib/malloc/malloc.c         0x00000000   Number         0  malloc.o ABSOLUTE
    ../clib/microlib/malloc/malloc.c         0x00000000   Number         0  mallocr.o ABSOLUTE
    ../clib/microlib/malloc/malloc.c         0x00000000   Number         0  malloca.o ABSOLUTE
    ../clib/microlib/malloc/malloc.c         0x00000000   Number         0  mallocra.o ABSOLUTE
    ../clib/microlib/malloc/mvars.c          0x00000000   Number         0  mvars.o ABSOLUTE
    ../clib/microlib/stdio/streams.c         0x00000000   Number         0  stdout.o ABSOLUTE
    ../clib/microlib/string/memcpy.c         0x00000000   Number         0  memcpya.o ABSOLUTE
    ../clib/microlib/string/memcpy.c         0x00000000   Number         0  memcpyb.o ABSOLUTE
    ..\\drivers\\c\\adc.c                    0x00000000   Number         0  adc.o ABSOLUTE
    ..\\drivers\\c\\gpio_port.c              0x00000000   Number         0  gpio_port.o ABSOLUTE
    ..\\drivers\\c\\timers.c                 0x00000000   Number         0  timers.o ABSOLUTE
    ..\\drivers\\c\\uart.c                   0x00000000   Number         0  uart.o ABSOLUTE
    ..\\peripherals\\c\\lcd.c                0x00000000   Number         0  lcd.o ABSOLUTE
    ..\\peripherals\\c\\ps2.c                0x00000000   Number         0  ps2.o ABSOLUTE
    ..\\peripherals\\c\\serial_debug.c       0x00000000   Number         0  serial_debug.o ABSOLUTE
    ..\drivers\c\adc.c                       0x00000000   Number         0  adc.o ABSOLUTE
    ..\drivers\c\gpio_port.c                 0x00000000   Number         0  gpio_port.o ABSOLUTE
    ..\drivers\c\pc_buffer.c                 0x00000000   Number         0  pc_buffer.o ABSOLUTE
    ..\drivers\c\timers.c                    0x00000000   Number         0  timers.o ABSOLUTE
    ..\drivers\c\uart.c                      0x00000000   Number         0  uart.o ABSOLUTE
    ..\peripherals\c\lcd.c                   0x00000000   Number         0  lcd.o ABSOLUTE
    ..\peripherals\c\ps2.c                   0x00000000   Number         0  ps2.o ABSOLUTE
    ..\peripherals\c\serial_debug.c          0x00000000   Number         0  serial_debug.o ABSOLUTE
    RTE\Device\TM4C123GH6PM\startup_TM4C123.s 0x00000000   Number         0  startup_tm4c123.o ABSOLUTE
    RTE\Device\TM4C123GH6PM\system_TM4C123.c 0x00000000   Number         0  system_tm4c123.o ABSOLUTE
    RTE\\Device\\TM4C123GH6PM\\system_TM4C123.c 0x00000000   Number         0  system_tm4c123.o ABSOLUTE
    barrier.c                                0x00000000   Number         0  barrier.o ABSOLUTE
    dc.s                                     0x00000000   Number         0  dc.o ABSOLUTE
    handlers.s                               0x00000000   Number         0  handlers.o ABSOLUTE
    images.c                                 0x00000000   Number         0  images.o ABSOLUTE
    init.s                                   0x00000000   Number         0  init.o ABSOLUTE
    main.c                                   0x00000000   Number         0  main.o ABSOLUTE
    main.c                                   0x00000000   Number         0  main.o ABSOLUTE
    print.c                                  0x00000000   Number         0  print.o ABSOLUTE
    print.c                                  0x00000000   Number         0  print.o ABSOLUTE
    tank.c                                   0x00000000   Number         0  tank.o ABSOLUTE
    .ARM.Collect$$$$00000000                 0x0000026c   Section        0  entry.o(.ARM.Collect$$$$00000000)
    .ARM.Collect$$$$00000001                 0x0000026c   Section        4  entry2.o(.ARM.Collect$$$$00000001)
    .ARM.Collect$$$$00000004                 0x00000270   Section        4  entry5.o(.ARM.Collect$$$$00000004)
    .ARM.Collect$$$$00000008                 0x00000274   Section        0  entry7b.o(.ARM.Collect$$$$00000008)
    .ARM.Collect$$$$0000000A                 0x00000274   Section        0  entry8b.o(.ARM.Collect$$$$0000000A)
    .ARM.Collect$$$$0000000B                 0x00000274   Section        8  entry9a.o(.ARM.Collect$$$$0000000B)
    .ARM.Collect$$$$0000000D                 0x0000027c   Section        0  entry10a.o(.ARM.Collect$$$$0000000D)
    .ARM.Collect$$$$0000000F                 0x0000027c   Section        0  entry11a.o(.ARM.Collect$$$$0000000F)
    .ARM.Collect$$$$00002712                 0x0000027c   Section        4  entry2.o(.ARM.Collect$$$$00002712)
    __lit__00000000                          0x0000027c   Data           4  entry2.o(.ARM.Collect$$$$00002712)
    .text                                    0x00000280   Section        0  main.o(.text)
    .text                                    0x000007ec   Section        0  print.o(.text)
    .text                                    0x00000814   Section        0  gpio_port.o(.text)
    verify_base_addr                         0x00000815   Thumb Code    64  gpio_port.o(.text)
    .text                                    0x00000ad8   Section        0  adc.o(.text)
    verify_base_addr                         0x00000ad9   Thumb Code    26  adc.o(.text)
    .text                                    0x00000c00   Section        0  pc_buffer.o(.text)
    .text                                    0x00000c7c   Section        0  uart.o(.text)
    .text                                    0x00000f04   Section        0  lcd.o(.text)
    lcd_write_cmd_u8                         0x00000f1f   Thumb Code    40  lcd.o(.text)
    lcd_write_data_u8                        0x00000f47   Thumb Code    28  lcd.o(.text)
    lcd_write_data_u16                       0x00000f63   Thumb Code    48  lcd.o(.text)
    .text                                    0x00001a4c   Section        0  serial_debug.o(.text)
    .text                                    0x00001c68   Section        0  ps2.o(.text)
    initialize_adc_gpio_pins                 0x00001c69   Thumb Code    26  ps2.o(.text)
    .text                                    0x00001cb8   Section      252  startup_tm4c123.o(.text)
    $v0                                      0x00001cb8   Number         0  startup_tm4c123.o(.text)
    .text                                    0x00001db4   Section        0  system_tm4c123.o(.text)
    getOscClk                                0x00001db5   Thumb Code   182  system_tm4c123.o(.text)
    .text                                    0x00002000   Section        0  memcpya.o(.text)
    .text                                    0x00002024   Section       36  init.o(.text)
    i.__scatterload_copy                     0x00002048   Section       14  handlers.o(i.__scatterload_copy)
    i.__scatterload_null                     0x00002056   Section        2  handlers.o(i.__scatterload_null)
    i.__scatterload_zeroinit                 0x00002058   Section       14  handlers.o(i.__scatterload_zeroinit)
    i.malloc                                 0x00002068   Section        0  malloc.o(i.malloc)
    .constdata                               0x000020d4   Section       60  main.o(.constdata)
    .constdata                               0x00002110   Section      520  images.o(.constdata)
    .data                                    0x20000000   Section        8  main.o(.data)
    .data                                    0x20000008   Section        2  serial_debug.o(.data)
    Rx_Interrupts_Enabled                    0x20000008   Data           1  serial_debug.o(.data)
    Tx_Interrupts_Enabled                    0x20000009   Data           1  serial_debug.o(.data)
    .data                                    0x2000000c   Section        4  system_tm4c123.o(.data)
    .data                                    0x20000010   Section        4  stdout.o(.data)
    .data                                    0x20000014   Section        4  mvars.o(.data)
    .data                                    0x20000018   Section        4  mvars.o(.data)
    .bss                                     0x2000001c   Section      100  main.o(.bss)
    .bss                                     0x20000080   Section       28  serial_debug.o(.bss)
    HEAP                                     0x200000a0   Section        0  startup_tm4c123.o(HEAP)
    STACK                                    0x200000a0   Section      512  startup_tm4c123.o(STACK)

    Global Symbols

    Symbol Name                              Value     Ov Type        Size  Object(Section)

    BuildAttributes$$THM_ISAv4$E$P$D$K$B$S$7EM$VFPi3$EXTD16$VFPS$VFMA$PE$A:L22UL41UL21$X:L11$S22US41US21$IEEE1$IW$USESV6$~STKCKD$USESV7$~SHL$OSPACE$EBA8$MICROLIB$REQ8$PRES8$EABIv2 0x00000000   Number         0  anon$$obj.o ABSOLUTE
    __ARM_use_no_argv                        0x00000000   Number         0  main.o ABSOLUTE
    __Vectors                                0x00000000   Data           4  startup_tm4c123.o(RESET)
    __cpp_initialize__aeabi_                  - Undefined Weak Reference
    __cxa_finalize                            - Undefined Weak Reference
    __decompress                              - Undefined Weak Reference
    _clock_init                               - Undefined Weak Reference
    _microlib_exit                            - Undefined Weak Reference
    __Vectors_End                            0x0000026c   Data           0  startup_tm4c123.o(RESET)
    __Vectors_Size                           0x0000026c   Number         0  startup_tm4c123.o ABSOLUTE
    __main                                   0x0000026d   Thumb Code     0  entry.o(.ARM.Collect$$$$00000000)
    _main_stk                                0x0000026d   Thumb Code     0  entry2.o(.ARM.Collect$$$$00000001)
    _main_scatterload                        0x00000271   Thumb Code     0  entry5.o(.ARM.Collect$$$$00000004)
    __main_after_scatterload                 0x00000275   Thumb Code     0  entry5.o(.ARM.Collect$$$$00000004)
    _main_clock                              0x00000275   Thumb Code     0  entry7b.o(.ARM.Collect$$$$00000008)
    _main_cpp_init                           0x00000275   Thumb Code     0  entry8b.o(.ARM.Collect$$$$0000000A)
    _main_init                               0x00000275   Thumb Code     0  entry9a.o(.ARM.Collect$$$$0000000B)
    __rt_final_cpp                           0x0000027d   Thumb Code     0  entry10a.o(.ARM.Collect$$$$0000000D)
    __rt_final_exit                          0x0000027d   Thumb Code     0  entry11a.o(.ARM.Collect$$$$0000000F)
    DisableInterrupts                        0x00000281   Thumb Code     4  main.o(.text)
    EnableInterrupts                         0x00000285   Thumb Code     4  main.o(.text)
    checkCollision                           0x00000289   Thumb Code   242  main.o(.text)
    playerMove                               0x0000037b   Thumb Code   266  main.o(.text)
    initBarriers                             0x00000485   Thumb Code    96  main.o(.text)
    drawBarriers                             0x000004e5   Thumb Code    98  main.o(.text)
    init_hardware                            0x00000547   Thumb Code    30  main.o(.text)
    main                                     0x00000565   Thumb Code   618  main.o(.text)
    put_char                                 0x000007ed   Thumb Code    14  print.o(.text)
    put_string                               0x000007fb   Thumb Code    22  print.o(.text)
    gpio_get_irq_num                         0x00000855   Thumb Code    74  gpio_port.o(.text)
    gpio_enable_port                         0x0000089f   Thumb Code   156  gpio_port.o(.text)
    gpio_config_digital_enable               0x0000093b   Thumb Code    34  gpio_port.o(.text)
    gpio_config_enable_output                0x0000095d   Thumb Code    34  gpio_port.o(.text)
    gpio_config_enable_input                 0x0000097f   Thumb Code    34  gpio_port.o(.text)
    gpio_config_enable_pullup                0x000009a1   Thumb Code    34  gpio_port.o(.text)
    gpio_config_enable_pulldown              0x000009c3   Thumb Code    34  gpio_port.o(.text)
    gpio_config_analog_enable                0x000009e5   Thumb Code    34  gpio_port.o(.text)
    gpio_config_alternate_function           0x00000a07   Thumb Code    34  gpio_port.o(.text)
    gpio_config_port_control                 0x00000a29   Thumb Code    54  gpio_port.o(.text)
    gpio_config_open_drain                   0x00000a5f   Thumb Code    34  gpio_port.o(.text)
    gpio_config_falling_edge_irq             0x00000a81   Thumb Code    56  gpio_port.o(.text)
    adc_get_irq_num                          0x00000af3   Thumb Code    32  adc.o(.text)
    adc_get_rcgc_mask                        0x00000b13   Thumb Code    28  adc.o(.text)
    adc_get_pr_mask                          0x00000b2f   Thumb Code    28  adc.o(.text)
    initialize_adc                           0x00000b4b   Thumb Code   110  adc.o(.text)
    get_adc_value                            0x00000bb9   Thumb Code    58  adc.o(.text)
    pc_buffer_init                           0x00000c01   Thumb Code    26  pc_buffer.o(.text)
    pc_buffer_add                            0x00000c1b   Thumb Code    28  pc_buffer.o(.text)
    pc_buffer_remove                         0x00000c37   Thumb Code    30  pc_buffer.o(.text)
    pc_buffer_empty                          0x00000c55   Thumb Code    18  pc_buffer.o(.text)
    pc_buffer_full                           0x00000c67   Thumb Code    22  pc_buffer.o(.text)
    verify_uart_base                         0x00000c7d   Thumb Code    54  uart.o(.text)
    uart_get_rcgc_mask                       0x00000cb3   Thumb Code    68  uart.o(.text)
    uart_get_pr_mask                         0x00000cf7   Thumb Code    68  uart.o(.text)
    uart_get_irq_num                         0x00000d3b   Thumb Code    68  uart.o(.text)
    uart_tx_poll                             0x00000d7f   Thumb Code    38  uart.o(.text)
    uart_tx_poll_string                      0x00000da5   Thumb Code    50  uart.o(.text)
    uart_rx_poll                             0x00000dd7   Thumb Code    70  uart.o(.text)
    uart_init                                0x00000e1d   Thumb Code   214  uart.o(.text)
    delayms                                  0x00000f05   Thumb Code    26  lcd.o(.text)
    lcd_set_pos                              0x00000f93   Thumb Code    58  lcd.o(.text)
    lcd_clear_screen                         0x00000fcd   Thumb Code    52  lcd.o(.text)
    lcd_draw_box                             0x00001001   Thumb Code   138  lcd.o(.text)
    lcd_draw_rectangle                       0x0000108b   Thumb Code    82  lcd.o(.text)
    lcd_draw_rectangle_centered              0x000010dd   Thumb Code   152  lcd.o(.text)
    lcd_draw_pixel                           0x00001175   Thumb Code    28  lcd.o(.text)
    lcd_draw_char                            0x00001191   Thumb Code   556  lcd.o(.text)
    lcd_draw_image                           0x000013bd   Thumb Code   242  lcd.o(.text)
    lcd_draw_color_image                     0x000014af   Thumb Code   142  lcd.o(.text)
    lcd_config_gpio                          0x0000153d   Thumb Code   190  lcd.o(.text)
    lcd_config_screen                        0x000015fb   Thumb Code   548  lcd.o(.text)
    lcd_draw_line                            0x0000181f   Thumb Code   200  lcd.o(.text)
    lcd_draw_circle                          0x000018e7   Thumb Code   356  lcd.o(.text)
    serial_debug_rx                          0x00001a4d   Thumb Code    46  serial_debug.o(.text)
    serial_debug_tx                          0x00001a7b   Thumb Code    72  serial_debug.o(.text)
    fputc                                    0x00001ac3   Thumb Code    66  serial_debug.o(.text)
    fgetc                                    0x00001b05   Thumb Code    50  serial_debug.o(.text)
    init_serial_debug                        0x00001b37   Thumb Code   144  serial_debug.o(.text)
    UART0_Handler                            0x00001bc7   Thumb Code   136  serial_debug.o(.text)
    ps2_initialize                           0x00001c83   Thumb Code    14  ps2.o(.text)
    ps2_get_x                                0x00001c91   Thumb Code    16  ps2.o(.text)
    ps2_get_y                                0x00001ca1   Thumb Code    16  ps2.o(.text)
    Reset_Handler                            0x00001cb9   Thumb Code     8  startup_tm4c123.o(.text)
    NMI_Handler                              0x00001cc1   Thumb Code     2  startup_tm4c123.o(.text)
    HardFault_Handler                        0x00001cc3   Thumb Code     2  startup_tm4c123.o(.text)
    MemManage_Handler                        0x00001cc5   Thumb Code     2  startup_tm4c123.o(.text)
    BusFault_Handler                         0x00001cc7   Thumb Code     2  startup_tm4c123.o(.text)
    UsageFault_Handler                       0x00001cc9   Thumb Code     2  startup_tm4c123.o(.text)
    SVC_Handler                              0x00001ccb   Thumb Code     2  startup_tm4c123.o(.text)
    DebugMon_Handler                         0x00001ccd   Thumb Code     2  startup_tm4c123.o(.text)
    PendSV_Handler                           0x00001ccf   Thumb Code     2  startup_tm4c123.o(.text)
    SysTick_Handler                          0x00001cd1   Thumb Code     2  startup_tm4c123.o(.text)
    GPIOA_Handler                            0x00001cd3   Thumb Code     2  startup_tm4c123.o(.text)
    GPIOB_Handler                            0x00001cd5   Thumb Code     2  startup_tm4c123.o(.text)
    GPIOC_Handler                            0x00001cd7   Thumb Code     2  startup_tm4c123.o(.text)
    GPIOD_Handler                            0x00001cd9   Thumb Code     2  startup_tm4c123.o(.text)
    GPIOE_Handler                            0x00001cdb   Thumb Code     2  startup_tm4c123.o(.text)
    UART1_Handler                            0x00001cdf   Thumb Code     2  startup_tm4c123.o(.text)
    SSI0_Handler                             0x00001ce1   Thumb Code     2  startup_tm4c123.o(.text)
    I2C0_Handler                             0x00001ce3   Thumb Code     2  startup_tm4c123.o(.text)
    PMW0_FAULT_Handler                       0x00001ce5   Thumb Code     2  startup_tm4c123.o(.text)
    PWM0_0_Handler                           0x00001ce7   Thumb Code     2  startup_tm4c123.o(.text)
    PWM0_1_Handler                           0x00001ce9   Thumb Code     2  startup_tm4c123.o(.text)
    PWM0_2_Handler                           0x00001ceb   Thumb Code     2  startup_tm4c123.o(.text)
    QEI0_Handler                             0x00001ced   Thumb Code     2  startup_tm4c123.o(.text)
    ADC0SS0_Handler                          0x00001cef   Thumb Code     2  startup_tm4c123.o(.text)
    ADC0SS1_Handler                          0x00001cf1   Thumb Code     2  startup_tm4c123.o(.text)
    ADC0SS2_Handler                          0x00001cf3   Thumb Code     2  startup_tm4c123.o(.text)
    ADC0SS3_Handler                          0x00001cf5   Thumb Code     2  startup_tm4c123.o(.text)
    WDT0_Handler                             0x00001cf7   Thumb Code     2  startup_tm4c123.o(.text)
    TIMER0A_Handler                          0x00001cf9   Thumb Code     2  startup_tm4c123.o(.text)
    TIMER0B_Handler                          0x00001cfb   Thumb Code     2  startup_tm4c123.o(.text)
    TIMER1A_Handler                          0x00001cfd   Thumb Code     2  startup_tm4c123.o(.text)
    TIMER1B_Handler                          0x00001cff   Thumb Code     2  startup_tm4c123.o(.text)
    TIMER2A_Handler                          0x00001d01   Thumb Code     2  startup_tm4c123.o(.text)
    TIMER2B_Handler                          0x00001d03   Thumb Code     2  startup_tm4c123.o(.text)
    COMP0_Handler                            0x00001d05   Thumb Code     2  startup_tm4c123.o(.text)
    COMP1_Handler                            0x00001d07   Thumb Code     2  startup_tm4c123.o(.text)
    COMP2_Handler                            0x00001d09   Thumb Code     2  startup_tm4c123.o(.text)
    SYSCTL_Handler                           0x00001d0b   Thumb Code     2  startup_tm4c123.o(.text)
    FLASH_Handler                            0x00001d0d   Thumb Code     2  startup_tm4c123.o(.text)
    GPIOF_Handler                            0x00001d0f   Thumb Code     2  startup_tm4c123.o(.text)
    GPIOG_Handler                            0x00001d11   Thumb Code     2  startup_tm4c123.o(.text)
    GPIOH_Handler                            0x00001d13   Thumb Code     2  startup_tm4c123.o(.text)
    UART2_Handler                            0x00001d15   Thumb Code     2  startup_tm4c123.o(.text)
    SSI1_Handler                             0x00001d17   Thumb Code     2  startup_tm4c123.o(.text)
    TIMER3A_Handler                          0x00001d19   Thumb Code     2  startup_tm4c123.o(.text)
    TIMER3B_Handler                          0x00001d1b   Thumb Code     2  startup_tm4c123.o(.text)
    I2C1_Handler                             0x00001d1d   Thumb Code     2  startup_tm4c123.o(.text)
    QEI1_Handler                             0x00001d1f   Thumb Code     2  startup_tm4c123.o(.text)
    CAN0_Handler                             0x00001d21   Thumb Code     2  startup_tm4c123.o(.text)
    CAN1_Handler                             0x00001d23   Thumb Code     2  startup_tm4c123.o(.text)
    CAN2_Handler                             0x00001d25   Thumb Code     2  startup_tm4c123.o(.text)
    HIB_Handler                              0x00001d27   Thumb Code     2  startup_tm4c123.o(.text)
    USB0_Handler                             0x00001d29   Thumb Code     2  startup_tm4c123.o(.text)
    PWM0_3_Handler                           0x00001d2b   Thumb Code     2  startup_tm4c123.o(.text)
    UDMA_Handler                             0x00001d2d   Thumb Code     2  startup_tm4c123.o(.text)
    UDMAERR_Handler                          0x00001d2f   Thumb Code     2  startup_tm4c123.o(.text)
    ADC1SS0_Handler                          0x00001d31   Thumb Code     2  startup_tm4c123.o(.text)
    ADC1SS1_Handler                          0x00001d33   Thumb Code     2  startup_tm4c123.o(.text)
    ADC1SS2_Handler                          0x00001d35   Thumb Code     2  startup_tm4c123.o(.text)
    ADC1SS3_Handler                          0x00001d37   Thumb Code     2  startup_tm4c123.o(.text)
    GPIOJ_Handler                            0x00001d39   Thumb Code     2  startup_tm4c123.o(.text)
    GPIOK_Handler                            0x00001d3b   Thumb Code     2  startup_tm4c123.o(.text)
    GPIOL_Handler                            0x00001d3d   Thumb Code     2  startup_tm4c123.o(.text)
    SSI2_Handler                             0x00001d3f   Thumb Code     2  startup_tm4c123.o(.text)
    SSI3_Handler                             0x00001d41   Thumb Code     2  startup_tm4c123.o(.text)
    UART3_Handler                            0x00001d43   Thumb Code     2  startup_tm4c123.o(.text)
    UART4_Handler                            0x00001d45   Thumb Code     2  startup_tm4c123.o(.text)
    UART5_Handler                            0x00001d47   Thumb Code     2  startup_tm4c123.o(.text)
    UART6_Handler                            0x00001d49   Thumb Code     2  startup_tm4c123.o(.text)
    UART7_Handler                            0x00001d4b   Thumb Code     2  startup_tm4c123.o(.text)
    I2C2_Handler                             0x00001d4d   Thumb Code     2  startup_tm4c123.o(.text)
    I2C3_Handler                             0x00001d4f   Thumb Code     2  startup_tm4c123.o(.text)
    TIMER4A_Handler                          0x00001d51   Thumb Code     2  startup_tm4c123.o(.text)
    TIMER4B_Handler                          0x00001d53   Thumb Code     2  startup_tm4c123.o(.text)
    TIMER5A_Handler                          0x00001d55   Thumb Code     2  startup_tm4c123.o(.text)
    TIMER5B_Handler                          0x00001d57   Thumb Code     2  startup_tm4c123.o(.text)
    WTIMER0A_Handler                         0x00001d59   Thumb Code     2  startup_tm4c123.o(.text)
    WTIMER0B_Handler                         0x00001d5b   Thumb Code     2  startup_tm4c123.o(.text)
    WTIMER1A_Handler                         0x00001d5d   Thumb Code     2  startup_tm4c123.o(.text)
    WTIMER1B_Handler                         0x00001d5f   Thumb Code     2  startup_tm4c123.o(.text)
    WTIMER2A_Handler                         0x00001d61   Thumb Code     2  startup_tm4c123.o(.text)
    WTIMER2B_Handler                         0x00001d63   Thumb Code     2  startup_tm4c123.o(.text)
    WTIMER3A_Handler                         0x00001d65   Thumb Code     2  startup_tm4c123.o(.text)
    WTIMER3B_Handler                         0x00001d67   Thumb Code     2  startup_tm4c123.o(.text)
    WTIMER4A_Handler                         0x00001d69   Thumb Code     2  startup_tm4c123.o(.text)
    WTIMER4B_Handler                         0x00001d6b   Thumb Code     2  startup_tm4c123.o(.text)
    WTIMER5A_Handler                         0x00001d6d   Thumb Code     2  startup_tm4c123.o(.text)
    WTIMER5B_Handler                         0x00001d6f   Thumb Code     2  startup_tm4c123.o(.text)
    FPU_Handler                              0x00001d71   Thumb Code     2  startup_tm4c123.o(.text)
    I2C4_Handler                             0x00001d73   Thumb Code     2  startup_tm4c123.o(.text)
    I2C5_Handler                             0x00001d75   Thumb Code     2  startup_tm4c123.o(.text)
    GPIOM_Handler                            0x00001d77   Thumb Code     2  startup_tm4c123.o(.text)
    GPION_Handler                            0x00001d79   Thumb Code     2  startup_tm4c123.o(.text)
    QEI2_Handler                             0x00001d7b   Thumb Code     2  startup_tm4c123.o(.text)
    GPIOP0_Handler                           0x00001d7d   Thumb Code     2  startup_tm4c123.o(.text)
    GPIOP1_Handler                           0x00001d7f   Thumb Code     2  startup_tm4c123.o(.text)
    GPIOP2_Handler                           0x00001d81   Thumb Code     2  startup_tm4c123.o(.text)
    GPIOP3_Handler                           0x00001d83   Thumb Code     2  startup_tm4c123.o(.text)
    GPIOP4_Handler                           0x00001d85   Thumb Code     2  startup_tm4c123.o(.text)
    GPIOP5_Handler                           0x00001d87   Thumb Code     2  startup_tm4c123.o(.text)
    GPIOP6_Handler                           0x00001d89   Thumb Code     2  startup_tm4c123.o(.text)
    GPIOP7_Handler                           0x00001d8b   Thumb Code     2  startup_tm4c123.o(.text)
    GPIOQ0_Handler                           0x00001d8d   Thumb Code     2  startup_tm4c123.o(.text)
    GPIOQ1_Handler                           0x00001d8f   Thumb Code     2  startup_tm4c123.o(.text)
    GPIOQ2_Handler                           0x00001d91   Thumb Code     2  startup_tm4c123.o(.text)
    GPIOQ3_Handler                           0x00001d93   Thumb Code     2  startup_tm4c123.o(.text)
    GPIOQ4_Handler                           0x00001d95   Thumb Code     2  startup_tm4c123.o(.text)
    GPIOQ5_Handler                           0x00001d97   Thumb Code     2  startup_tm4c123.o(.text)
    GPIOQ6_Handler                           0x00001d99   Thumb Code     2  startup_tm4c123.o(.text)
    GPIOQ7_Handler                           0x00001d9b   Thumb Code     2  startup_tm4c123.o(.text)
    GPIOR_Handler                            0x00001d9d   Thumb Code     2  startup_tm4c123.o(.text)
    GPIOS_Handler                            0x00001d9f   Thumb Code     2  startup_tm4c123.o(.text)
    PMW1_0_Handler                           0x00001da1   Thumb Code     2  startup_tm4c123.o(.text)
    PWM1_1_Handler                           0x00001da3   Thumb Code     2  startup_tm4c123.o(.text)
    PWM1_2_Handler                           0x00001da5   Thumb Code     2  startup_tm4c123.o(.text)
    PWM1_3_Handler                           0x00001da7   Thumb Code     2  startup_tm4c123.o(.text)
    PWM1_FAULT_Handler                       0x00001da9   Thumb Code     2  startup_tm4c123.o(.text)
    SystemCoreClockUpdate                    0x00001e6b   Thumb Code   184  system_tm4c123.o(.text)
    SystemInit                               0x00001f23   Thumb Code   112  system_tm4c123.o(.text)
    __aeabi_memcpy                           0x00002001   Thumb Code    36  memcpya.o(.text)
    __aeabi_memcpy4                          0x00002001   Thumb Code     0  memcpya.o(.text)
    __aeabi_memcpy8                          0x00002001   Thumb Code     0  memcpya.o(.text)
    __scatterload                            0x00002025   Thumb Code    28  init.o(.text)
    __scatterload_rt2                        0x00002025   Thumb Code     0  init.o(.text)
    __scatterload_copy                       0x00002049   Thumb Code    14  handlers.o(i.__scatterload_copy)
    __scatterload_null                       0x00002057   Thumb Code     2  handlers.o(i.__scatterload_null)
    __scatterload_zeroinit                   0x00002059   Thumb Code    14  handlers.o(i.__scatterload_zeroinit)
    malloc                                   0x00002069   Thumb Code    92  malloc.o(i.malloc)
    upTank                                   0x00002110   Data         128  images.o(.constdata)
    upTankWidth                              0x00002190   Data           1  images.o(.constdata)
    upTankHeight                             0x00002191   Data           1  images.o(.constdata)
    rightTank                                0x00002192   Data         128  images.o(.constdata)
    rightTankWidth                           0x00002212   Data           1  images.o(.constdata)
    rightTankHeight                          0x00002213   Data           1  images.o(.constdata)
    leftTank                                 0x00002214   Data         128  images.o(.constdata)
    leftTankWidth                            0x00002294   Data           1  images.o(.constdata)
    leftTankHeight                           0x00002295   Data           1  images.o(.constdata)
    downTank                                 0x00002296   Data         128  images.o(.constdata)
    downTankWidth                            0x00002316   Data           1  images.o(.constdata)
    downTankHeight                           0x00002317   Data           1  images.o(.constdata)
    Region$$Table$$Base                      0x00002318   Number         0  anon$$obj.o(Region$$Table)
    Region$$Table$$Limit                     0x00002338   Number         0  anon$$obj.o(Region$$Table)
    numBarriers                              0x20000000   Data           4  main.o(.data)
    SPEED                                    0x20000004   Data           4  main.o(.data)
    SystemCoreClock                          0x2000000c   Data           4  system_tm4c123.o(.data)
    __stdout                                 0x20000010   Data           4  stdout.o(.data)
    __microlib_freelist                      0x20000014   Data           4  mvars.o(.data)
    __microlib_freelist_initialised          0x20000018   Data           4  mvars.o(.data)
    barriers                                 0x2000001c   Data         100  main.o(.bss)
    UART0_Tx_Buffer                          0x20000080   Data          14  serial_debug.o(.bss)
    UART0_Rx_Buffer                          0x2000008e   Data          14  serial_debug.o(.bss)
    __heap_base                              0x200000a0   Data           0  startup_tm4c123.o(HEAP)
    __heap_limit                             0x200000a0   Data           0  startup_tm4c123.o(HEAP)
    __initial_sp                             0x200002a0   Data           0  startup_tm4c123.o(STACK)



==============================================================================

Memory Map of the image

  Image Entry point : 0x00001cb9

  Load Region LR_1 (Base: 0x00000000, Size: 0x00002354, Max: 0xffffffff, ABSOLUTE)

    Execution Region ER_RO (Exec base: 0x00000000, Load base: 0x00000000, Size: 0x00002338, Max: 0xffffffff, ABSOLUTE)

    Exec Addr    Load Addr    Size         Type   Attr      Idx    E Section Name        Object

    0x00000000   0x00000000   0x0000026c   Data   RO          377    RESET               startup_tm4c123.o
    0x0000026c   0x0000026c   0x00000000   Code   RO          412  * .ARM.Collect$$$$00000000  mc_w.l(entry.o)
    0x0000026c   0x0000026c   0x00000004   Code   RO          448    .ARM.Collect$$$$00000001  mc_w.l(entry2.o)
    0x00000270   0x00000270   0x00000004   Code   RO          451    .ARM.Collect$$$$00000004  mc_w.l(entry5.o)
    0x00000274   0x00000274   0x00000000   Code   RO          453    .ARM.Collect$$$$00000008  mc_w.l(entry7b.o)
    0x00000274   0x00000274   0x00000000   Code   RO          455    .ARM.Collect$$$$0000000A  mc_w.l(entry8b.o)
    0x00000274   0x00000274   0x00000008   Code   RO          456    .ARM.Collect$$$$0000000B  mc_w.l(entry9a.o)
    0x0000027c   0x0000027c   0x00000000   Code   RO          458    .ARM.Collect$$$$0000000D  mc_w.l(entry10a.o)
    0x0000027c   0x0000027c   0x00000000   Code   RO          460    .ARM.Collect$$$$0000000F  mc_w.l(entry11a.o)
    0x0000027c   0x0000027c   0x00000004   Code   RO          449    .ARM.Collect$$$$00002712  mc_w.l(entry2.o)
    0x00000280   0x00000280   0x0000056c   Code   RO            4    .text               main.o
    0x000007ec   0x000007ec   0x00000028   Code   RO          140    .text               print.o
    0x00000814   0x00000814   0x000002c4   Code   RO          175    .text               gpio_port.o
    0x00000ad8   0x00000ad8   0x00000128   Code   RO          231    .text               adc.o
    0x00000c00   0x00000c00   0x0000007c   Code   RO          252    .text               pc_buffer.o
    0x00000c7c   0x00000c7c   0x00000288   Code   RO          270    .text               uart.o
    0x00000f04   0x00000f04   0x00000b46   Code   RO          294    .text               lcd.o
    0x00001a4a   0x00001a4a   0x00000002   PAD
    0x00001a4c   0x00001a4c   0x0000021c   Code   RO          318    .text               serial_debug.o
    0x00001c68   0x00001c68   0x00000050   Code   RO          354    .text               ps2.o
    0x00001cb8   0x00001cb8   0x000000fc   Code   RO          378  * .text               startup_tm4c123.o
    0x00001db4   0x00001db4   0x0000024c   Code   RO          385    .text               system_tm4c123.o
    0x00002000   0x00002000   0x00000024   Code   RO          416    .text               mc_w.l(memcpya.o)
    0x00002024   0x00002024   0x00000024   Code   RO          464    .text               mc_w.l(init.o)
    0x00002048   0x00002048   0x0000000e   Code   RO          468    i.__scatterload_copy  mc_w.l(handlers.o)
    0x00002056   0x00002056   0x00000002   Code   RO          469    i.__scatterload_null  mc_w.l(handlers.o)
    0x00002058   0x00002058   0x0000000e   Code   RO          470    i.__scatterload_zeroinit  mc_w.l(handlers.o)
    0x00002066   0x00002066   0x00000002   PAD
    0x00002068   0x00002068   0x0000006c   Code   RO          421    i.malloc            mc_w.l(malloc.o)
    0x000020d4   0x000020d4   0x0000003c   Data   RO            6    .constdata          main.o
    0x00002110   0x00002110   0x00000208   Data   RO          119    .constdata          images.o
    0x00002318   0x00002318   0x00000020   Data   RO          466    Region$$Table       anon$$obj.o


    Execution Region ER_RW (Exec base: 0x20000000, Load base: 0x00002338, Size: 0x0000001c, Max: 0xffffffff, ABSOLUTE)

    Exec Addr    Load Addr    Size         Type   Attr      Idx    E Section Name        Object

    0x20000000   0x00002338   0x00000008   Data   RW            7    .data               main.o
    0x20000008   0x00002340   0x00000002   Data   RW          320    .data               serial_debug.o
    0x2000000a   0x00002342   0x00000002   PAD
    0x2000000c   0x00002344   0x00000004   Data   RW          386    .data               system_tm4c123.o
    0x20000010   0x00002348   0x00000004   Data   RW          415    .data               mc_w.l(stdout.o)
    0x20000014   0x0000234c   0x00000004   Data   RW          462    .data               mc_w.l(mvars.o)
    0x20000018   0x00002350   0x00000004   Data   RW          463    .data               mc_w.l(mvars.o)


    Execution Region ER_ZI (Exec base: 0x2000001c, Load base: 0x00002354, Size: 0x00000284, Max: 0xffffffff, ABSOLUTE)

    Exec Addr    Load Addr    Size         Type   Attr      Idx    E Section Name        Object

    0x2000001c        -       0x00000064   Zero   RW            5    .bss                main.o
    0x20000080        -       0x0000001c   Zero   RW          319    .bss                serial_debug.o
    0x2000009c   0x00002354   0x00000004   PAD
    0x200000a0        -       0x00000000   Zero   RW          376    HEAP                startup_tm4c123.o
    0x200000a0        -       0x00000200   Zero   RW          375    STACK               startup_tm4c123.o


==============================================================================

Image component sizes


      Code (inc. data)   RO Data    RW Data    ZI Data      Debug   Object Name

       296         14          0          0          0       2641   adc.o
       708         32          0          0          0       5170   gpio_port.o
         0          0        520          0          0        959   images.o
      2886         28          0          0          0       8240   lcd.o
      1388        238         60          8        100      31077   main.o
       124          0          0          0          0       1939   pc_buffer.o
        40          4          0          0          0        682   print.o
        80          8          0          0          0        929   ps2.o
       540         26          0          2         28       5581   serial_debug.o
       252         10        620          0        512       5448   startup_tm4c123.o
       588        134          0          4          0       1565   system_tm4c123.o
         0          0          0          0          0      30075   timers.o
       648         50          0          0          0       3500   uart.o

    ----------------------------------------------------------------------
      7552        544       1232         16        644      97806   Object Totals
         0          0         32          0          0          0   (incl. Generated)
         2          0          0          2          4          0   (incl. Padding)

    ----------------------------------------------------------------------

      Code (inc. data)   RO Data    RW Data    ZI Data      Debug   Library Member Name

         0          0          0          0          0          0   entry.o
         0          0          0          0          0          0   entry10a.o
         0          0          0          0          0          0   entry11a.o
         8          4          0          0          0          0   entry2.o
         4          0          0          0          0          0   entry5.o
         0          0          0          0          0          0   entry7b.o
         0          0          0          0          0          0   entry8b.o
         8          4          0          0          0          0   entry9a.o
        30          0          0          0          0          0   handlers.o
        36          8          0          0          0         68   init.o
       108         16          0          0          0         84   malloc.o
        36          0          0          0          0         68   memcpya.o
         0          0          0          8          0          0   mvars.o
         0          0          0          4          0          0   stdout.o

    ----------------------------------------------------------------------
       232         32          0         12          0        220   Library Totals
         2          0          0          0          0          0   (incl. Padding)

    ----------------------------------------------------------------------

      Code (inc. data)   RO Data    RW Data    ZI Data      Debug   Library Name

       230         32          0         12          0        220   mc_w.l

    ----------------------------------------------------------------------
       232         32          0         12          0        220   Library Totals

    ----------------------------------------------------------------------

==============================================================================


      Code (inc. data)   RO Data    RW Data    ZI Data      Debug   

      7784        576       1232         28        644      96578   Grand Totals
      7784        576       1232         28        644      96578   ELF Image Totals
      7784        576       1232         28          0          0   ROM Totals

==============================================================================

    Total RO  Size (Code + RO Data)                 9016 (   8.80kB)
    Total RW  Size (RW Data + ZI Data)               672 (   0.66kB)
    Total ROM Size (Code + RO Data + RW Data)       9044 (   8.83kB)

==============================================================================

