Component: ARM Compiler 5.06 update 6 (build 750) Tool: armlink [4d35ed]

==============================================================================

Section Cross References

    main.o(.text) refers to ps2.o(.text) for ps2_get_x
    main.o(.text) refers to memcpya.o(.text) for __aeabi_memcpy4
    main.o(.text) refers to lcd.o(.text) for lcd_draw_box
    main.o(.text) refers to serial_debug.o(.text) for init_serial_debug
    main.o(.text) refers to images.o(.constdata) for tankWidthPixels
    main.o(.text) refers to main.o(.constdata) for .constdata
    main.o(.text) refers to main.o(.bss) for barriers
    pc_buffer.o(.text) refers to malloc.o(i.malloc) for malloc
    lcd.o(.text) refers to gpio_port.o(.text) for gpio_enable_port
    serial_debug.o(.text) refers to pc_buffer.o(.text) for pc_buffer_empty
    serial_debug.o(.text) refers to main.o(.text) for DisableInterrupts
    serial_debug.o(.text) refers to uart.o(.text) for uart_tx_poll
    serial_debug.o(.text) refers to gpio_port.o(.text) for gpio_enable_port
    serial_debug.o(.text) refers to serial_debug.o(.data) for Tx_Interrupts_Enabled
    serial_debug.o(.text) refers to serial_debug.o(.bss) for UART0_Tx_Buffer
    serial_debug.o(.text) refers to stdout.o(.data) for __stdout
    ps2.o(.text) refers to gpio_port.o(.text) for gpio_enable_port
    ps2.o(.text) refers to adc.o(.text) for initialize_adc
    startup_tm4c123.o(RESET) refers to startup_tm4c123.o(STACK) for __initial_sp
    startup_tm4c123.o(RESET) refers to startup_tm4c123.o(.text) for Reset_Handler
    startup_tm4c123.o(RESET) refers to serial_debug.o(.text) for UART0_Handler
    startup_tm4c123.o(.text) refers to system_tm4c123.o(.text) for SystemInit
    startup_tm4c123.o(.text) refers to entry.o(.ARM.Collect$$$$00000000) for __main
    system_tm4c123.o(.text) refers to system_tm4c123.o(.data) for SystemCoreClock
    entry.o(.ARM.Collect$$$$00000000) refers (Special) to entry10a.o(.ARM.Collect$$$$0000000D) for __rt_final_cpp
    entry.o(.ARM.Collect$$$$00000000) refers (Special) to entry11a.o(.ARM.Collect$$$$0000000F) for __rt_final_exit
    entry.o(.ARM.Collect$$$$00000000) refers (Special) to entry7b.o(.ARM.Collect$$$$00000008) for _main_clock
    entry.o(.ARM.Collect$$$$00000000) refers (Special) to entry8b.o(.ARM.Collect$$$$0000000A) for _main_cpp_init
    entry.o(.ARM.Collect$$$$00000000) refers (Special) to entry9a.o(.ARM.Collect$$$$0000000B) for _main_init
    entry.o(.ARM.Collect$$$$00000000) refers (Special) to entry5.o(.ARM.Collect$$$$00000004) for _main_scatterload
    entry.o(.ARM.Collect$$$$00000000) refers (Special) to entry2.o(.ARM.Collect$$$$00000001) for _main_stk
    malloc.o(i.free) refers to mvars.o(.data) for __microlib_freelist
    malloc.o(i.malloc) refers to mvars.o(.data) for __microlib_freelist_initialised
    malloc.o(i.malloc) refers to mvars.o(.data) for __microlib_freelist
    malloc.o(i.malloc) refers to startup_tm4c123.o(HEAP) for __heap_base
    mallocr.o(i.__free$realloc) refers to mvars.o(.data) for __microlib_freelist
    mallocr.o(i.__malloc$realloc) refers to mallocr.o(i.internal_alloc) for internal_alloc
    mallocr.o(i.__malloc$realloc) refers to mvars.o(.data) for __microlib_freelist_initialised
    mallocr.o(i.__malloc$realloc) refers to startup_tm4c123.o(HEAP) for __heap_base
    mallocr.o(i.__malloc$realloc) refers to mvars.o(.data) for __microlib_freelist
    mallocr.o(i.internal_alloc) refers to memcpya.o(.text) for __aeabi_memcpy
    mallocr.o(i.internal_alloc) refers to mvars.o(.data) for __microlib_freelist
    mallocr.o(i.realloc) refers to mallocr.o(i.__free$realloc) for __free$realloc
    mallocr.o(i.realloc) refers to mallocr.o(i.internal_alloc) for internal_alloc
    mallocr.o(i.realloc) refers to mallocr.o(i.__malloc$realloc) for __malloc$realloc
    mallocr.o(i.realloc) refers to mvars.o(.data) for __microlib_freelist
    malloca.o(i.__aligned_malloc) refers to mvars.o(.data) for __microlib_freelist_initialised
    malloca.o(i.__aligned_malloc) refers to mvars.o(.data) for __microlib_freelist
    malloca.o(i.__aligned_malloc) refers to startup_tm4c123.o(HEAP) for __heap_base
    malloca.o(i.__free$memalign) refers to mvars.o(.data) for __microlib_freelist
    malloca.o(i.__malloc$memalign) refers to malloca.o(i.__aligned_malloc) for __aligned_malloc
    mallocra.o(i.__aligned_malloc$realloc) refers to mallocra.o(i.internal_alloc) for internal_alloc
    mallocra.o(i.__aligned_malloc$realloc) refers to mvars.o(.data) for __microlib_freelist_initialised
    mallocra.o(i.__aligned_malloc$realloc) refers to startup_tm4c123.o(HEAP) for __heap_base
    mallocra.o(i.__aligned_malloc$realloc) refers to mvars.o(.data) for __microlib_freelist
    mallocra.o(i.__free$realloc$memalign) refers to mvars.o(.data) for __microlib_freelist
    mallocra.o(i.__malloc$realloc$memalign) refers to mallocra.o(i.__aligned_malloc$realloc) for __aligned_malloc$realloc
    mallocra.o(i.__realloc$memalign) refers to mallocra.o(i.__free$realloc$memalign) for __free$realloc$memalign
    mallocra.o(i.__realloc$memalign) refers to mallocra.o(i.internal_alloc) for internal_alloc
    mallocra.o(i.__realloc$memalign) refers to mallocra.o(i.__malloc$realloc$memalign) for __malloc$realloc$memalign
    mallocra.o(i.__realloc$memalign) refers to mvars.o(.data) for __microlib_freelist
    mallocra.o(i.internal_alloc) refers to memcpya.o(.text) for __aeabi_memcpy
    mallocra.o(i.internal_alloc) refers to mvars.o(.data) for __microlib_freelist
    entry2.o(.ARM.Collect$$$$00000001) refers to entry2.o(.ARM.Collect$$$$00002712) for __lit__00000000
    entry2.o(.ARM.Collect$$$$00002712) refers to startup_tm4c123.o(STACK) for __initial_sp
    entry2.o(__vectab_stack_and_reset_area) refers to startup_tm4c123.o(STACK) for __initial_sp
    entry2.o(__vectab_stack_and_reset_area) refers to entry.o(.ARM.Collect$$$$00000000) for __main
    entry5.o(.ARM.Collect$$$$00000004) refers to init.o(.text) for __scatterload
    entry9a.o(.ARM.Collect$$$$0000000B) refers to main.o(.text) for main
    entry9b.o(.ARM.Collect$$$$0000000C) refers to main.o(.text) for main
    init.o(.text) refers to entry5.o(.ARM.Collect$$$$00000004) for __main_after_scatterload


==============================================================================

Removing Unused input sections from the image.

    Removing main.o(.rev16_text), (4 bytes).
    Removing main.o(.revsh_text), (4 bytes).
    Removing main.o(.rrx_text), (6 bytes).
    Removing gpio_port.o(.rev16_text), (4 bytes).
    Removing gpio_port.o(.revsh_text), (4 bytes).
    Removing gpio_port.o(.rrx_text), (6 bytes).
    Removing timers.o(.rev16_text), (4 bytes).
    Removing timers.o(.revsh_text), (4 bytes).
    Removing timers.o(.rrx_text), (6 bytes).
    Removing timers.o(.text), (584 bytes).
    Removing adc.o(.rev16_text), (4 bytes).
    Removing adc.o(.revsh_text), (4 bytes).
    Removing adc.o(.rrx_text), (6 bytes).
    Removing uart.o(.rev16_text), (4 bytes).
    Removing uart.o(.revsh_text), (4 bytes).
    Removing uart.o(.rrx_text), (6 bytes).
    Removing lcd.o(.rev16_text), (4 bytes).
    Removing lcd.o(.revsh_text), (4 bytes).
    Removing lcd.o(.rrx_text), (6 bytes).
    Removing serial_debug.o(.rev16_text), (4 bytes).
    Removing serial_debug.o(.revsh_text), (4 bytes).
    Removing serial_debug.o(.rrx_text), (6 bytes).
    Removing ps2.o(.rev16_text), (4 bytes).
    Removing ps2.o(.revsh_text), (4 bytes).
    Removing ps2.o(.rrx_text), (6 bytes).
    Removing system_tm4c123.o(.rev16_text), (4 bytes).
    Removing system_tm4c123.o(.revsh_text), (4 bytes).
    Removing system_tm4c123.o(.rrx_text), (6 bytes).

28 unused section(s) (total 710 bytes) removed from the image.

==============================================================================

Image Symbol Table

    Local Symbols

    Symbol Name                              Value     Ov Type        Size  Object(Section)

    RESET                                    0x00000000   Section      620  startup_tm4c123.o(RESET)
    ../clib/microlib/init/entry.s            0x00000000   Number         0  entry2.o ABSOLUTE
    ../clib/microlib/init/entry.s            0x00000000   Number         0  entry.o ABSOLUTE
    ../clib/microlib/init/entry.s            0x00000000   Number         0  entry5.o ABSOLUTE
    ../clib/microlib/init/entry.s            0x00000000   Number         0  entry7a.o ABSOLUTE
    ../clib/microlib/init/entry.s            0x00000000   Number         0  entry10a.o ABSOLUTE
    ../clib/microlib/init/entry.s            0x00000000   Number         0  entry8b.o ABSOLUTE
    ../clib/microlib/init/entry.s            0x00000000   Number         0  entry9b.o ABSOLUTE
    ../clib/microlib/init/entry.s            0x00000000   Number         0  entry7b.o ABSOLUTE
    ../clib/microlib/init/entry.s            0x00000000   Number         0  entry11b.o ABSOLUTE
    ../clib/microlib/init/entry.s            0x00000000   Number         0  entry9a.o ABSOLUTE
    ../clib/microlib/init/entry.s            0x00000000   Number         0  entry8a.o ABSOLUTE
    ../clib/microlib/init/entry.s            0x00000000   Number         0  entry11a.o ABSOLUTE
    ../clib/microlib/init/entry.s            0x00000000   Number         0  entry10b.o ABSOLUTE
    ../clib/microlib/malloc/malloc.c         0x00000000   Number         0  mallocr.o ABSOLUTE
    ../clib/microlib/malloc/malloc.c         0x00000000   Number         0  mallocra.o ABSOLUTE
    ../clib/microlib/malloc/malloc.c         0x00000000   Number         0  malloca.o ABSOLUTE
    ../clib/microlib/malloc/malloc.c         0x00000000   Number         0  malloc.o ABSOLUTE
    ../clib/microlib/malloc/mvars.c          0x00000000   Number         0  mvars.o ABSOLUTE
    ../clib/microlib/stdio/streams.c         0x00000000   Number         0  stdout.o ABSOLUTE
    ../clib/microlib/string/memcpy.c         0x00000000   Number         0  memcpya.o ABSOLUTE
    ../clib/microlib/string/memcpy.c         0x00000000   Number         0  memcpyb.o ABSOLUTE
    ..\\drivers\\c\\adc.c                    0x00000000   Number         0  adc.o ABSOLUTE
    ..\\drivers\\c\\gpio_port.c              0x00000000   Number         0  gpio_port.o ABSOLUTE
    ..\\drivers\\c\\timers.c                 0x00000000   Number         0  timers.o ABSOLUTE
    ..\\drivers\\c\\uart.c                   0x00000000   Number         0  uart.o ABSOLUTE
    ..\\peripherals\\c\\lcd.c                0x00000000   Number         0  lcd.o ABSOLUTE
    ..\\peripherals\\c\\ps2.c                0x00000000   Number         0  ps2.o ABSOLUTE
    ..\\peripherals\\c\\serial_debug.c       0x00000000   Number         0  serial_debug.o ABSOLUTE
    ..\drivers\c\adc.c                       0x00000000   Number         0  adc.o ABSOLUTE
    ..\drivers\c\gpio_port.c                 0x00000000   Number         0  gpio_port.o ABSOLUTE
    ..\drivers\c\pc_buffer.c                 0x00000000   Number         0  pc_buffer.o ABSOLUTE
    ..\drivers\c\timers.c                    0x00000000   Number         0  timers.o ABSOLUTE
    ..\drivers\c\uart.c                      0x00000000   Number         0  uart.o ABSOLUTE
    ..\peripherals\c\lcd.c                   0x00000000   Number         0  lcd.o ABSOLUTE
    ..\peripherals\c\ps2.c                   0x00000000   Number         0  ps2.o ABSOLUTE
    ..\peripherals\c\serial_debug.c          0x00000000   Number         0  serial_debug.o ABSOLUTE
    RTE\Device\TM4C123GH6PM\startup_TM4C123.s 0x00000000   Number         0  startup_tm4c123.o ABSOLUTE
    RTE\Device\TM4C123GH6PM\system_TM4C123.c 0x00000000   Number         0  system_tm4c123.o ABSOLUTE
    RTE\\Device\\TM4C123GH6PM\\system_TM4C123.c 0x00000000   Number         0  system_tm4c123.o ABSOLUTE
    barrier.c                                0x00000000   Number         0  barrier.o ABSOLUTE
    dc.s                                     0x00000000   Number         0  dc.o ABSOLUTE
    handlers.s                               0x00000000   Number         0  handlers.o ABSOLUTE
    images.c                                 0x00000000   Number         0  images.o ABSOLUTE
    init.s                                   0x00000000   Number         0  init.o ABSOLUTE
    main.c                                   0x00000000   Number         0  main.o ABSOLUTE
    main.c                                   0x00000000   Number         0  main.o ABSOLUTE
    tank.c                                   0x00000000   Number         0  tank.o ABSOLUTE
    .ARM.Collect$$$$00000000                 0x0000026c   Section        0  entry.o(.ARM.Collect$$$$00000000)
    .ARM.Collect$$$$00000001                 0x0000026c   Section        4  entry2.o(.ARM.Collect$$$$00000001)
    .ARM.Collect$$$$00000004                 0x00000270   Section        4  entry5.o(.ARM.Collect$$$$00000004)
    .ARM.Collect$$$$00000008                 0x00000274   Section        0  entry7b.o(.ARM.Collect$$$$00000008)
    .ARM.Collect$$$$0000000A                 0x00000274   Section        0  entry8b.o(.ARM.Collect$$$$0000000A)
    .ARM.Collect$$$$0000000B                 0x00000274   Section        8  entry9a.o(.ARM.Collect$$$$0000000B)
    .ARM.Collect$$$$0000000D                 0x0000027c   Section        0  entry10a.o(.ARM.Collect$$$$0000000D)
    .ARM.Collect$$$$0000000F                 0x0000027c   Section        0  entry11a.o(.ARM.Collect$$$$0000000F)
    .ARM.Collect$$$$00002712                 0x0000027c   Section        4  entry2.o(.ARM.Collect$$$$00002712)
    __lit__00000000                          0x0000027c   Data           4  entry2.o(.ARM.Collect$$$$00002712)
    .text                                    0x00000280   Section        0  main.o(.text)
    .text                                    0x00000468   Section        0  gpio_port.o(.text)
    verify_base_addr                         0x00000469   Thumb Code    64  gpio_port.o(.text)
    .text                                    0x0000072c   Section        0  adc.o(.text)
    verify_base_addr                         0x0000072d   Thumb Code    26  adc.o(.text)
    .text                                    0x00000854   Section        0  pc_buffer.o(.text)
    .text                                    0x000008d0   Section        0  uart.o(.text)
    .text                                    0x00000b58   Section        0  lcd.o(.text)
    lcd_write_cmd_u8                         0x00000b73   Thumb Code    40  lcd.o(.text)
    lcd_write_data_u8                        0x00000b9b   Thumb Code    28  lcd.o(.text)
    lcd_write_data_u16                       0x00000bb7   Thumb Code    48  lcd.o(.text)
    .text                                    0x000016a0   Section        0  serial_debug.o(.text)
    .text                                    0x000018bc   Section        0  ps2.o(.text)
    initialize_adc_gpio_pins                 0x000018bd   Thumb Code    26  ps2.o(.text)
    .text                                    0x0000190c   Section      252  startup_tm4c123.o(.text)
    $v0                                      0x0000190c   Number         0  startup_tm4c123.o(.text)
    .text                                    0x00001a08   Section        0  system_tm4c123.o(.text)
    getOscClk                                0x00001a09   Thumb Code   182  system_tm4c123.o(.text)
    .text                                    0x00001c54   Section        0  memcpya.o(.text)
    .text                                    0x00001c78   Section       36  init.o(.text)
    i.__scatterload_copy                     0x00001c9c   Section       14  handlers.o(i.__scatterload_copy)
    i.__scatterload_null                     0x00001caa   Section        2  handlers.o(i.__scatterload_null)
    i.__scatterload_zeroinit                 0x00001cac   Section       14  handlers.o(i.__scatterload_zeroinit)
    i.malloc                                 0x00001cbc   Section        0  malloc.o(i.malloc)
    .constdata                               0x00001d28   Section       20  main.o(.constdata)
    .constdata                               0x00001d3c   Section      130  images.o(.constdata)
    .data                                    0x20000000   Section        2  serial_debug.o(.data)
    Rx_Interrupts_Enabled                    0x20000000   Data           1  serial_debug.o(.data)
    Tx_Interrupts_Enabled                    0x20000001   Data           1  serial_debug.o(.data)
    .data                                    0x20000004   Section        4  system_tm4c123.o(.data)
    .data                                    0x20000008   Section        4  stdout.o(.data)
    .data                                    0x2000000c   Section        4  mvars.o(.data)
    .data                                    0x20000010   Section        4  mvars.o(.data)
    .bss                                     0x20000014   Section       20  main.o(.bss)
    .bss                                     0x20000028   Section       28  serial_debug.o(.bss)
    HEAP                                     0x20000048   Section        0  startup_tm4c123.o(HEAP)
    STACK                                    0x20000048   Section      512  startup_tm4c123.o(STACK)

    Global Symbols

    Symbol Name                              Value     Ov Type        Size  Object(Section)

    BuildAttributes$$THM_ISAv4$E$P$D$K$B$S$7EM$VFPi3$EXTD16$VFPS$VFMA$PE$A:L22UL41UL21$X:L11$S22US41US21$IEEE1$IW$USESV6$~STKCKD$USESV7$~SHL$OSPACE$EBA8$MICROLIB$REQ8$PRES8$EABIv2 0x00000000   Number         0  anon$$obj.o ABSOLUTE
    __ARM_use_no_argv                        0x00000000   Number         0  main.o ABSOLUTE
    __Vectors                                0x00000000   Data           4  startup_tm4c123.o(RESET)
    __cpp_initialize__aeabi_                  - Undefined Weak Reference
    __cxa_finalize                            - Undefined Weak Reference
    __decompress                              - Undefined Weak Reference
    _clock_init                               - Undefined Weak Reference
    _microlib_exit                            - Undefined Weak Reference
    __Vectors_End                            0x0000026c   Data           0  startup_tm4c123.o(RESET)
    __Vectors_Size                           0x0000026c   Number         0  startup_tm4c123.o ABSOLUTE
    __main                                   0x0000026d   Thumb Code     0  entry.o(.ARM.Collect$$$$00000000)
    _main_stk                                0x0000026d   Thumb Code     0  entry2.o(.ARM.Collect$$$$00000001)
    _main_scatterload                        0x00000271   Thumb Code     0  entry5.o(.ARM.Collect$$$$00000004)
    __main_after_scatterload                 0x00000275   Thumb Code     0  entry5.o(.ARM.Collect$$$$00000004)
    _main_clock                              0x00000275   Thumb Code     0  entry7b.o(.ARM.Collect$$$$00000008)
    _main_cpp_init                           0x00000275   Thumb Code     0  entry8b.o(.ARM.Collect$$$$0000000A)
    _main_init                               0x00000275   Thumb Code     0  entry9a.o(.ARM.Collect$$$$0000000B)
    __rt_final_cpp                           0x0000027d   Thumb Code     0  entry10a.o(.ARM.Collect$$$$0000000D)
    __rt_final_exit                          0x0000027d   Thumb Code     0  entry11a.o(.ARM.Collect$$$$0000000F)
    DisableInterrupts                        0x00000281   Thumb Code     4  main.o(.text)
    EnableInterrupts                         0x00000285   Thumb Code     4  main.o(.text)
    playerMove                               0x00000289   Thumb Code   198  main.o(.text)
    initBarriers                             0x0000034f   Thumb Code    28  main.o(.text)
    drawBarriers                             0x0000036b   Thumb Code    46  main.o(.text)
    init_hardware                            0x00000399   Thumb Code    30  main.o(.text)
    main                                     0x000003b7   Thumb Code   156  main.o(.text)
    gpio_get_irq_num                         0x000004a9   Thumb Code    74  gpio_port.o(.text)
    gpio_enable_port                         0x000004f3   Thumb Code   156  gpio_port.o(.text)
    gpio_config_digital_enable               0x0000058f   Thumb Code    34  gpio_port.o(.text)
    gpio_config_enable_output                0x000005b1   Thumb Code    34  gpio_port.o(.text)
    gpio_config_enable_input                 0x000005d3   Thumb Code    34  gpio_port.o(.text)
    gpio_config_enable_pullup                0x000005f5   Thumb Code    34  gpio_port.o(.text)
    gpio_config_enable_pulldown              0x00000617   Thumb Code    34  gpio_port.o(.text)
    gpio_config_analog_enable                0x00000639   Thumb Code    34  gpio_port.o(.text)
    gpio_config_alternate_function           0x0000065b   Thumb Code    34  gpio_port.o(.text)
    gpio_config_port_control                 0x0000067d   Thumb Code    54  gpio_port.o(.text)
    gpio_config_open_drain                   0x000006b3   Thumb Code    34  gpio_port.o(.text)
    gpio_config_falling_edge_irq             0x000006d5   Thumb Code    56  gpio_port.o(.text)
    adc_get_irq_num                          0x00000747   Thumb Code    32  adc.o(.text)
    adc_get_rcgc_mask                        0x00000767   Thumb Code    28  adc.o(.text)
    adc_get_pr_mask                          0x00000783   Thumb Code    28  adc.o(.text)
    initialize_adc                           0x0000079f   Thumb Code   110  adc.o(.text)
    get_adc_value                            0x0000080d   Thumb Code    58  adc.o(.text)
    pc_buffer_init                           0x00000855   Thumb Code    26  pc_buffer.o(.text)
    pc_buffer_add                            0x0000086f   Thumb Code    28  pc_buffer.o(.text)
    pc_buffer_remove                         0x0000088b   Thumb Code    30  pc_buffer.o(.text)
    pc_buffer_empty                          0x000008a9   Thumb Code    18  pc_buffer.o(.text)
    pc_buffer_full                           0x000008bb   Thumb Code    22  pc_buffer.o(.text)
    verify_uart_base                         0x000008d1   Thumb Code    54  uart.o(.text)
    uart_get_rcgc_mask                       0x00000907   Thumb Code    68  uart.o(.text)
    uart_get_pr_mask                         0x0000094b   Thumb Code    68  uart.o(.text)
    uart_get_irq_num                         0x0000098f   Thumb Code    68  uart.o(.text)
    uart_tx_poll                             0x000009d3   Thumb Code    38  uart.o(.text)
    uart_tx_poll_string                      0x000009f9   Thumb Code    50  uart.o(.text)
    uart_rx_poll                             0x00000a2b   Thumb Code    70  uart.o(.text)
    uart_init                                0x00000a71   Thumb Code   214  uart.o(.text)
    delayms                                  0x00000b59   Thumb Code    26  lcd.o(.text)
    lcd_set_pos                              0x00000be7   Thumb Code    58  lcd.o(.text)
    lcd_clear_screen                         0x00000c21   Thumb Code    52  lcd.o(.text)
    lcd_draw_box                             0x00000c55   Thumb Code   138  lcd.o(.text)
    lcd_draw_rectangle                       0x00000cdf   Thumb Code    82  lcd.o(.text)
    lcd_draw_rectangle_centered              0x00000d31   Thumb Code   152  lcd.o(.text)
    lcd_draw_pixel                           0x00000dc9   Thumb Code    28  lcd.o(.text)
    lcd_draw_char                            0x00000de5   Thumb Code   556  lcd.o(.text)
    lcd_draw_image                           0x00001011   Thumb Code   242  lcd.o(.text)
    lcd_draw_color_image                     0x00001103   Thumb Code   142  lcd.o(.text)
    lcd_config_gpio                          0x00001191   Thumb Code   190  lcd.o(.text)
    lcd_config_screen                        0x0000124f   Thumb Code   548  lcd.o(.text)
    lcd_draw_line                            0x00001473   Thumb Code   200  lcd.o(.text)
    lcd_draw_circle                          0x0000153b   Thumb Code   356  lcd.o(.text)
    serial_debug_rx                          0x000016a1   Thumb Code    46  serial_debug.o(.text)
    serial_debug_tx                          0x000016cf   Thumb Code    72  serial_debug.o(.text)
    fputc                                    0x00001717   Thumb Code    66  serial_debug.o(.text)
    fgetc                                    0x00001759   Thumb Code    50  serial_debug.o(.text)
    init_serial_debug                        0x0000178b   Thumb Code   144  serial_debug.o(.text)
    UART0_Handler                            0x0000181b   Thumb Code   136  serial_debug.o(.text)
    ps2_initialize                           0x000018d7   Thumb Code    14  ps2.o(.text)
    ps2_get_x                                0x000018e5   Thumb Code    16  ps2.o(.text)
    ps2_get_y                                0x000018f5   Thumb Code    16  ps2.o(.text)
    Reset_Handler                            0x0000190d   Thumb Code     8  startup_tm4c123.o(.text)
    NMI_Handler                              0x00001915   Thumb Code     2  startup_tm4c123.o(.text)
    HardFault_Handler                        0x00001917   Thumb Code     2  startup_tm4c123.o(.text)
    MemManage_Handler                        0x00001919   Thumb Code     2  startup_tm4c123.o(.text)
    BusFault_Handler                         0x0000191b   Thumb Code     2  startup_tm4c123.o(.text)
    UsageFault_Handler                       0x0000191d   Thumb Code     2  startup_tm4c123.o(.text)
    SVC_Handler                              0x0000191f   Thumb Code     2  startup_tm4c123.o(.text)
    DebugMon_Handler                         0x00001921   Thumb Code     2  startup_tm4c123.o(.text)
    PendSV_Handler                           0x00001923   Thumb Code     2  startup_tm4c123.o(.text)
    SysTick_Handler                          0x00001925   Thumb Code     2  startup_tm4c123.o(.text)
    GPIOA_Handler                            0x00001927   Thumb Code     2  startup_tm4c123.o(.text)
    GPIOB_Handler                            0x00001929   Thumb Code     2  startup_tm4c123.o(.text)
    GPIOC_Handler                            0x0000192b   Thumb Code     2  startup_tm4c123.o(.text)
    GPIOD_Handler                            0x0000192d   Thumb Code     2  startup_tm4c123.o(.text)
    GPIOE_Handler                            0x0000192f   Thumb Code     2  startup_tm4c123.o(.text)
    UART1_Handler                            0x00001933   Thumb Code     2  startup_tm4c123.o(.text)
    SSI0_Handler                             0x00001935   Thumb Code     2  startup_tm4c123.o(.text)
    I2C0_Handler                             0x00001937   Thumb Code     2  startup_tm4c123.o(.text)
    PMW0_FAULT_Handler                       0x00001939   Thumb Code     2  startup_tm4c123.o(.text)
    PWM0_0_Handler                           0x0000193b   Thumb Code     2  startup_tm4c123.o(.text)
    PWM0_1_Handler                           0x0000193d   Thumb Code     2  startup_tm4c123.o(.text)
    PWM0_2_Handler                           0x0000193f   Thumb Code     2  startup_tm4c123.o(.text)
    QEI0_Handler                             0x00001941   Thumb Code     2  startup_tm4c123.o(.text)
    ADC0SS0_Handler                          0x00001943   Thumb Code     2  startup_tm4c123.o(.text)
    ADC0SS1_Handler                          0x00001945   Thumb Code     2  startup_tm4c123.o(.text)
    ADC0SS2_Handler                          0x00001947   Thumb Code     2  startup_tm4c123.o(.text)
    ADC0SS3_Handler                          0x00001949   Thumb Code     2  startup_tm4c123.o(.text)
    WDT0_Handler                             0x0000194b   Thumb Code     2  startup_tm4c123.o(.text)
    TIMER0A_Handler                          0x0000194d   Thumb Code     2  startup_tm4c123.o(.text)
    TIMER0B_Handler                          0x0000194f   Thumb Code     2  startup_tm4c123.o(.text)
    TIMER1A_Handler                          0x00001951   Thumb Code     2  startup_tm4c123.o(.text)
    TIMER1B_Handler                          0x00001953   Thumb Code     2  startup_tm4c123.o(.text)
    TIMER2A_Handler                          0x00001955   Thumb Code     2  startup_tm4c123.o(.text)
    TIMER2B_Handler                          0x00001957   Thumb Code     2  startup_tm4c123.o(.text)
    COMP0_Handler                            0x00001959   Thumb Code     2  startup_tm4c123.o(.text)
    COMP1_Handler                            0x0000195b   Thumb Code     2  startup_tm4c123.o(.text)
    COMP2_Handler                            0x0000195d   Thumb Code     2  startup_tm4c123.o(.text)
    SYSCTL_Handler                           0x0000195f   Thumb Code     2  startup_tm4c123.o(.text)
    FLASH_Handler                            0x00001961   Thumb Code     2  startup_tm4c123.o(.text)
    GPIOF_Handler                            0x00001963   Thumb Code     2  startup_tm4c123.o(.text)
    GPIOG_Handler                            0x00001965   Thumb Code     2  startup_tm4c123.o(.text)
    GPIOH_Handler                            0x00001967   Thumb Code     2  startup_tm4c123.o(.text)
    UART2_Handler                            0x00001969   Thumb Code     2  startup_tm4c123.o(.text)
    SSI1_Handler                             0x0000196b   Thumb Code     2  startup_tm4c123.o(.text)
    TIMER3A_Handler                          0x0000196d   Thumb Code     2  startup_tm4c123.o(.text)
    TIMER3B_Handler                          0x0000196f   Thumb Code     2  startup_tm4c123.o(.text)
    I2C1_Handler                             0x00001971   Thumb Code     2  startup_tm4c123.o(.text)
    QEI1_Handler                             0x00001973   Thumb Code     2  startup_tm4c123.o(.text)
    CAN0_Handler                             0x00001975   Thumb Code     2  startup_tm4c123.o(.text)
    CAN1_Handler                             0x00001977   Thumb Code     2  startup_tm4c123.o(.text)
    CAN2_Handler                             0x00001979   Thumb Code     2  startup_tm4c123.o(.text)
    HIB_Handler                              0x0000197b   Thumb Code     2  startup_tm4c123.o(.text)
    USB0_Handler                             0x0000197d   Thumb Code     2  startup_tm4c123.o(.text)
    PWM0_3_Handler                           0x0000197f   Thumb Code     2  startup_tm4c123.o(.text)
    UDMA_Handler                             0x00001981   Thumb Code     2  startup_tm4c123.o(.text)
    UDMAERR_Handler                          0x00001983   Thumb Code     2  startup_tm4c123.o(.text)
    ADC1SS0_Handler                          0x00001985   Thumb Code     2  startup_tm4c123.o(.text)
    ADC1SS1_Handler                          0x00001987   Thumb Code     2  startup_tm4c123.o(.text)
    ADC1SS2_Handler                          0x00001989   Thumb Code     2  startup_tm4c123.o(.text)
    ADC1SS3_Handler                          0x0000198b   Thumb Code     2  startup_tm4c123.o(.text)
    GPIOJ_Handler                            0x0000198d   Thumb Code     2  startup_tm4c123.o(.text)
    GPIOK_Handler                            0x0000198f   Thumb Code     2  startup_tm4c123.o(.text)
    GPIOL_Handler                            0x00001991   Thumb Code     2  startup_tm4c123.o(.text)
    SSI2_Handler                             0x00001993   Thumb Code     2  startup_tm4c123.o(.text)
    SSI3_Handler                             0x00001995   Thumb Code     2  startup_tm4c123.o(.text)
    UART3_Handler                            0x00001997   Thumb Code     2  startup_tm4c123.o(.text)
    UART4_Handler                            0x00001999   Thumb Code     2  startup_tm4c123.o(.text)
    UART5_Handler                            0x0000199b   Thumb Code     2  startup_tm4c123.o(.text)
    UART6_Handler                            0x0000199d   Thumb Code     2  startup_tm4c123.o(.text)
    UART7_Handler                            0x0000199f   Thumb Code     2  startup_tm4c123.o(.text)
    I2C2_Handler                             0x000019a1   Thumb Code     2  startup_tm4c123.o(.text)
    I2C3_Handler                             0x000019a3   Thumb Code     2  startup_tm4c123.o(.text)
    TIMER4A_Handler                          0x000019a5   Thumb Code     2  startup_tm4c123.o(.text)
    TIMER4B_Handler                          0x000019a7   Thumb Code     2  startup_tm4c123.o(.text)
    TIMER5A_Handler                          0x000019a9   Thumb Code     2  startup_tm4c123.o(.text)
    TIMER5B_Handler                          0x000019ab   Thumb Code     2  startup_tm4c123.o(.text)
    WTIMER0A_Handler                         0x000019ad   Thumb Code     2  startup_tm4c123.o(.text)
    WTIMER0B_Handler                         0x000019af   Thumb Code     2  startup_tm4c123.o(.text)
    WTIMER1A_Handler                         0x000019b1   Thumb Code     2  startup_tm4c123.o(.text)
    WTIMER1B_Handler                         0x000019b3   Thumb Code     2  startup_tm4c123.o(.text)
    WTIMER2A_Handler                         0x000019b5   Thumb Code     2  startup_tm4c123.o(.text)
    WTIMER2B_Handler                         0x000019b7   Thumb Code     2  startup_tm4c123.o(.text)
    WTIMER3A_Handler                         0x000019b9   Thumb Code     2  startup_tm4c123.o(.text)
    WTIMER3B_Handler                         0x000019bb   Thumb Code     2  startup_tm4c123.o(.text)
    WTIMER4A_Handler                         0x000019bd   Thumb Code     2  startup_tm4c123.o(.text)
    WTIMER4B_Handler                         0x000019bf   Thumb Code     2  startup_tm4c123.o(.text)
    WTIMER5A_Handler                         0x000019c1   Thumb Code     2  startup_tm4c123.o(.text)
    WTIMER5B_Handler                         0x000019c3   Thumb Code     2  startup_tm4c123.o(.text)
    FPU_Handler                              0x000019c5   Thumb Code     2  startup_tm4c123.o(.text)
    I2C4_Handler                             0x000019c7   Thumb Code     2  startup_tm4c123.o(.text)
    I2C5_Handler                             0x000019c9   Thumb Code     2  startup_tm4c123.o(.text)
    GPIOM_Handler                            0x000019cb   Thumb Code     2  startup_tm4c123.o(.text)
    GPION_Handler                            0x000019cd   Thumb Code     2  startup_tm4c123.o(.text)
    QEI2_Handler                             0x000019cf   Thumb Code     2  startup_tm4c123.o(.text)
    GPIOP0_Handler                           0x000019d1   Thumb Code     2  startup_tm4c123.o(.text)
    GPIOP1_Handler                           0x000019d3   Thumb Code     2  startup_tm4c123.o(.text)
    GPIOP2_Handler                           0x000019d5   Thumb Code     2  startup_tm4c123.o(.text)
    GPIOP3_Handler                           0x000019d7   Thumb Code     2  startup_tm4c123.o(.text)
    GPIOP4_Handler                           0x000019d9   Thumb Code     2  startup_tm4c123.o(.text)
    GPIOP5_Handler                           0x000019db   Thumb Code     2  startup_tm4c123.o(.text)
    GPIOP6_Handler                           0x000019dd   Thumb Code     2  startup_tm4c123.o(.text)
    GPIOP7_Handler                           0x000019df   Thumb Code     2  startup_tm4c123.o(.text)
    GPIOQ0_Handler                           0x000019e1   Thumb Code     2  startup_tm4c123.o(.text)
    GPIOQ1_Handler                           0x000019e3   Thumb Code     2  startup_tm4c123.o(.text)
    GPIOQ2_Handler                           0x000019e5   Thumb Code     2  startup_tm4c123.o(.text)
    GPIOQ3_Handler                           0x000019e7   Thumb Code     2  startup_tm4c123.o(.text)
    GPIOQ4_Handler                           0x000019e9   Thumb Code     2  startup_tm4c123.o(.text)
    GPIOQ5_Handler                           0x000019eb   Thumb Code     2  startup_tm4c123.o(.text)
    GPIOQ6_Handler                           0x000019ed   Thumb Code     2  startup_tm4c123.o(.text)
    GPIOQ7_Handler                           0x000019ef   Thumb Code     2  startup_tm4c123.o(.text)
    GPIOR_Handler                            0x000019f1   Thumb Code     2  startup_tm4c123.o(.text)
    GPIOS_Handler                            0x000019f3   Thumb Code     2  startup_tm4c123.o(.text)
    PMW1_0_Handler                           0x000019f5   Thumb Code     2  startup_tm4c123.o(.text)
    PWM1_1_Handler                           0x000019f7   Thumb Code     2  startup_tm4c123.o(.text)
    PWM1_2_Handler                           0x000019f9   Thumb Code     2  startup_tm4c123.o(.text)
    PWM1_3_Handler                           0x000019fb   Thumb Code     2  startup_tm4c123.o(.text)
    PWM1_FAULT_Handler                       0x000019fd   Thumb Code     2  startup_tm4c123.o(.text)
    SystemCoreClockUpdate                    0x00001abf   Thumb Code   184  system_tm4c123.o(.text)
    SystemInit                               0x00001b77   Thumb Code   112  system_tm4c123.o(.text)
    __aeabi_memcpy                           0x00001c55   Thumb Code    36  memcpya.o(.text)
    __aeabi_memcpy4                          0x00001c55   Thumb Code     0  memcpya.o(.text)
    __aeabi_memcpy8                          0x00001c55   Thumb Code     0  memcpya.o(.text)
    __scatterload                            0x00001c79   Thumb Code    28  init.o(.text)
    __scatterload_rt2                        0x00001c79   Thumb Code     0  init.o(.text)
    __scatterload_copy                       0x00001c9d   Thumb Code    14  handlers.o(i.__scatterload_copy)
    __scatterload_null                       0x00001cab   Thumb Code     2  handlers.o(i.__scatterload_null)
    __scatterload_zeroinit                   0x00001cad   Thumb Code    14  handlers.o(i.__scatterload_zeroinit)
    malloc                                   0x00001cbd   Thumb Code    92  malloc.o(i.malloc)
    tankBitmaps                              0x00001d3c   Data         128  images.o(.constdata)
    tankWidthPixels                          0x00001dbc   Data           1  images.o(.constdata)
    tankHeightPixels                         0x00001dbd   Data           1  images.o(.constdata)
    Region$$Table$$Base                      0x00001dc0   Number         0  anon$$obj.o(Region$$Table)
    Region$$Table$$Limit                     0x00001de0   Number         0  anon$$obj.o(Region$$Table)
    SystemCoreClock                          0x20000004   Data           4  system_tm4c123.o(.data)
    __stdout                                 0x20000008   Data           4  stdout.o(.data)
    __microlib_freelist                      0x2000000c   Data           4  mvars.o(.data)
    __microlib_freelist_initialised          0x20000010   Data           4  mvars.o(.data)
    barriers                                 0x20000014   Data          20  main.o(.bss)
    UART0_Tx_Buffer                          0x20000028   Data          14  serial_debug.o(.bss)
    UART0_Rx_Buffer                          0x20000036   Data          14  serial_debug.o(.bss)
    __heap_base                              0x20000048   Data           0  startup_tm4c123.o(HEAP)
    __heap_limit                             0x20000048   Data           0  startup_tm4c123.o(HEAP)
    __initial_sp                             0x20000248   Data           0  startup_tm4c123.o(STACK)



==============================================================================

Memory Map of the image

  Image Entry point : 0x0000190d

  Load Region LR_1 (Base: 0x00000000, Size: 0x00001df4, Max: 0xffffffff, ABSOLUTE)

    Execution Region ER_RO (Exec base: 0x00000000, Load base: 0x00000000, Size: 0x00001de0, Max: 0xffffffff, ABSOLUTE)

    Exec Addr    Load Addr    Size         Type   Attr      Idx    E Section Name        Object

    0x00000000   0x00000000   0x0000026c   Data   RO          338    RESET               startup_tm4c123.o
    0x0000026c   0x0000026c   0x00000000   Code   RO          373  * .ARM.Collect$$$$00000000  mc_w.l(entry.o)
    0x0000026c   0x0000026c   0x00000004   Code   RO          409    .ARM.Collect$$$$00000001  mc_w.l(entry2.o)
    0x00000270   0x00000270   0x00000004   Code   RO          412    .ARM.Collect$$$$00000004  mc_w.l(entry5.o)
    0x00000274   0x00000274   0x00000000   Code   RO          414    .ARM.Collect$$$$00000008  mc_w.l(entry7b.o)
    0x00000274   0x00000274   0x00000000   Code   RO          416    .ARM.Collect$$$$0000000A  mc_w.l(entry8b.o)
    0x00000274   0x00000274   0x00000008   Code   RO          417    .ARM.Collect$$$$0000000B  mc_w.l(entry9a.o)
    0x0000027c   0x0000027c   0x00000000   Code   RO          419    .ARM.Collect$$$$0000000D  mc_w.l(entry10a.o)
    0x0000027c   0x0000027c   0x00000000   Code   RO          421    .ARM.Collect$$$$0000000F  mc_w.l(entry11a.o)
    0x0000027c   0x0000027c   0x00000004   Code   RO          410    .ARM.Collect$$$$00002712  mc_w.l(entry2.o)
    0x00000280   0x00000280   0x000001e8   Code   RO            4    .text               main.o
    0x00000468   0x00000468   0x000002c4   Code   RO          130    .text               gpio_port.o
    0x0000072c   0x0000072c   0x00000128   Code   RO          189    .text               adc.o
    0x00000854   0x00000854   0x0000007c   Code   RO          210    .text               pc_buffer.o
    0x000008d0   0x000008d0   0x00000288   Code   RO          228    .text               uart.o
    0x00000b58   0x00000b58   0x00000b46   Code   RO          252    .text               lcd.o
    0x0000169e   0x0000169e   0x00000002   PAD
    0x000016a0   0x000016a0   0x0000021c   Code   RO          276    .text               serial_debug.o
    0x000018bc   0x000018bc   0x00000050   Code   RO          315    .text               ps2.o
    0x0000190c   0x0000190c   0x000000fc   Code   RO          339  * .text               startup_tm4c123.o
    0x00001a08   0x00001a08   0x0000024c   Code   RO          346    .text               system_tm4c123.o
    0x00001c54   0x00001c54   0x00000024   Code   RO          377    .text               mc_w.l(memcpya.o)
    0x00001c78   0x00001c78   0x00000024   Code   RO          425    .text               mc_w.l(init.o)
    0x00001c9c   0x00001c9c   0x0000000e   Code   RO          429    i.__scatterload_copy  mc_w.l(handlers.o)
    0x00001caa   0x00001caa   0x00000002   Code   RO          430    i.__scatterload_null  mc_w.l(handlers.o)
    0x00001cac   0x00001cac   0x0000000e   Code   RO          431    i.__scatterload_zeroinit  mc_w.l(handlers.o)
    0x00001cba   0x00001cba   0x00000002   PAD
    0x00001cbc   0x00001cbc   0x0000006c   Code   RO          382    i.malloc            mc_w.l(malloc.o)
    0x00001d28   0x00001d28   0x00000014   Data   RO            6    .constdata          main.o
    0x00001d3c   0x00001d3c   0x00000082   Data   RO          109    .constdata          images.o
    0x00001dbe   0x00001dbe   0x00000002   PAD
    0x00001dc0   0x00001dc0   0x00000020   Data   RO          427    Region$$Table       anon$$obj.o


    Execution Region ER_RW (Exec base: 0x20000000, Load base: 0x00001de0, Size: 0x00000014, Max: 0xffffffff, ABSOLUTE)

    Exec Addr    Load Addr    Size         Type   Attr      Idx    E Section Name        Object

    0x20000000   0x00001de0   0x00000002   Data   RW          278    .data               serial_debug.o
    0x20000002   0x00001de2   0x00000002   PAD
    0x20000004   0x00001de4   0x00000004   Data   RW          347    .data               system_tm4c123.o
    0x20000008   0x00001de8   0x00000004   Data   RW          376    .data               mc_w.l(stdout.o)
    0x2000000c   0x00001dec   0x00000004   Data   RW          423    .data               mc_w.l(mvars.o)
    0x20000010   0x00001df0   0x00000004   Data   RW          424    .data               mc_w.l(mvars.o)


    Execution Region ER_ZI (Exec base: 0x20000014, Load base: 0x00001df4, Size: 0x00000234, Max: 0xffffffff, ABSOLUTE)

    Exec Addr    Load Addr    Size         Type   Attr      Idx    E Section Name        Object

    0x20000014        -       0x00000014   Zero   RW            5    .bss                main.o
    0x20000028        -       0x0000001c   Zero   RW          277    .bss                serial_debug.o
    0x20000044   0x00001df4   0x00000004   PAD
    0x20000048        -       0x00000000   Zero   RW          337    HEAP                startup_tm4c123.o
    0x20000048        -       0x00000200   Zero   RW          336    STACK               startup_tm4c123.o


==============================================================================

Image component sizes


      Code (inc. data)   RO Data    RW Data    ZI Data      Debug   Object Name

       296         14          0          0          0       2641   adc.o
       708         32          0          0          0       5170   gpio_port.o
         0          0        130          0          0        571   images.o
      2886         28          0          0          0       8240   lcd.o
       488         22         20          0         20      30084   main.o
       124          0          0          0          0       1939   pc_buffer.o
        80          8          0          0          0        929   ps2.o
       540         26          0          2         28       5569   serial_debug.o
       252         10        620          0        512       5448   startup_tm4c123.o
       588        134          0          4          0       1565   system_tm4c123.o
         0          0          0          0          0      30075   timers.o
       648         50          0          0          0       3500   uart.o

    ----------------------------------------------------------------------
      6612        324        804          8        564      95731   Object Totals
         0          0         32          0          0          0   (incl. Generated)
         2          0          2          2          4          0   (incl. Padding)

    ----------------------------------------------------------------------

      Code (inc. data)   RO Data    RW Data    ZI Data      Debug   Library Member Name

         0          0          0          0          0          0   entry.o
         0          0          0          0          0          0   entry10a.o
         0          0          0          0          0          0   entry11a.o
         8          4          0          0          0          0   entry2.o
         4          0          0          0          0          0   entry5.o
         0          0          0          0          0          0   entry7b.o
         0          0          0          0          0          0   entry8b.o
         8          4          0          0          0          0   entry9a.o
        30          0          0          0          0          0   handlers.o
        36          8          0          0          0         68   init.o
       108         16          0          0          0         84   malloc.o
        36          0          0          0          0         68   memcpya.o
         0          0          0          8          0          0   mvars.o
         0          0          0          4          0          0   stdout.o

    ----------------------------------------------------------------------
       232         32          0         12          0        220   Library Totals
         2          0          0          0          0          0   (incl. Padding)

    ----------------------------------------------------------------------

      Code (inc. data)   RO Data    RW Data    ZI Data      Debug   Library Name

       230         32          0         12          0        220   mc_w.l

    ----------------------------------------------------------------------
       232         32          0         12          0        220   Library Totals

    ----------------------------------------------------------------------

==============================================================================


      Code (inc. data)   RO Data    RW Data    ZI Data      Debug   

      6844        356        804         20        564      94703   Grand Totals
      6844        356        804         20        564      94703   ELF Image Totals
      6844        356        804         20          0          0   ROM Totals

==============================================================================

    Total RO  Size (Code + RO Data)                 7648 (   7.47kB)
    Total RW  Size (RW Data + ZI Data)               584 (   0.57kB)
    Total ROM Size (Code + RO Data + RW Data)       7668 (   7.49kB)

==============================================================================

